Component: ARM Compiler 6.14.1 Tool: armlink [5db06d00]

==============================================================================

Section Cross References

    main_solder_station_stm32.o(.text.main) refers to solder_station_stm32.o(.text.Debug_UART_init) for Debug_UART_init
    main_solder_station_stm32.o(.text.main) refers to main_solder_station_stm32.o(.text.Status_LED_init) for Status_LED_init
    main_solder_station_stm32.o(.text.main) refers to spi_transmitt.o(.text.SPI2_init) for SPI2_init
    main_solder_station_stm32.o(.text.main) refers to solder_station_stm32.o(.text.ENCODER_init) for ENCODER_init
    main_solder_station_stm32.o(.text.main) refers to solder_station_stm32.o(.text.Skip_Button_init) for Skip_Button_init
    main_solder_station_stm32.o(.text.main) refers to sdd1306.o(.text.ssd1306_RESET) for ssd1306_RESET
    main_solder_station_stm32.o(.text.main) refers to sdd1306.o(.text.SSD1306_Init) for SSD1306_Init
    main_solder_station_stm32.o(.text.main) refers to solder_station_stm32.o(.text.Make_Click_init) for Make_Click_init
    main_solder_station_stm32.o(.text.main) refers to main_solder_station_stm32.o(.bss.State) for State
    main_solder_station_stm32.o(.text.main) refers to solder_station_stm32.o(.text.FSM) for FSM
    main_solder_station_stm32.o(.text.main) refers to interrupts.o(.data.Status_Updates_From_Interrupt_t) for Status_Updates_From_Interrupt_t
    main_solder_station_stm32.o(.text.main) refers to solder_station_stm32.o(.text.Turn_OFF_FAN) for Turn_OFF_FAN
    main_solder_station_stm32.o(.text.main) refers to main_solder_station_stm32.o(.text.PB0_LED_main_STATUS) for PB0_LED_main_STATUS
    main_solder_station_stm32.o(.text.main) refers to solder_station_stm32.o(.text.Make_Click) for Make_Click
    main_solder_station_stm32.o(.text.main) refers to solder_station_stm32.o(.text.Show_SET_Solder_Data_to_Display) for Show_SET_Solder_Data_to_Display
    main_solder_station_stm32.o(.text.main) refers to solder_station_stm32.o(.text.Show_SET_FAN_Data_to_Display) for Show_SET_FAN_Data_to_Display
    main_solder_station_stm32.o(.text.main) refers to solder_station_stm32.o(.text.Update_PID_FAN) for Update_PID_FAN
    main_solder_station_stm32.o(.text.main) refers to solder_station_stm32.o(.text.Data_Averager_From_FAN) for Data_Averager_From_FAN
    main_solder_station_stm32.o(.text.main) refers to solder_station_stm32.o(.text.Show_SET_FAN_Bars_Data_to_Display) for Show_SET_FAN_Bars_Data_to_Display
    main_solder_station_stm32.o(.text.main) refers to solder_station_stm32.o(.text.Update_PID_Solder) for Update_PID_Solder
    main_solder_station_stm32.o(.text.main) refers to solder_station_stm32.o(.text.Data_Averager_For_Solder) for Data_Averager_For_Solder
    main_solder_station_stm32.o(.text.main) refers to solder_station_stm32.o(.text.Monitor_Skip_Button) for Monitor_Skip_Button
    main_solder_station_stm32.o(.ARM.exidx.text.main) refers to main_solder_station_stm32.o(.text.main) for [Anonymous Symbol]
    main_solder_station_stm32.o(.text.Status_LED_init) refers to stm32_gpio_lib.o(.text.GPIO_EN) for GPIO_EN
    main_solder_station_stm32.o(.ARM.exidx.text.Status_LED_init) refers to main_solder_station_stm32.o(.text.Status_LED_init) for [Anonymous Symbol]
    main_solder_station_stm32.o(.text.PB0_LED_main_STATUS) refers to main_solder_station_stm32.o(.bss.PB0_LED_main_STATUS.Count) for PB0_LED_main_STATUS.Count
    main_solder_station_stm32.o(.ARM.exidx.text.PB0_LED_main_STATUS) refers to main_solder_station_stm32.o(.text.PB0_LED_main_STATUS) for [Anonymous Symbol]
    stm32_gpio_lib.o(.ARM.exidx.text.GPIO_EN) refers to stm32_gpio_lib.o(.text.GPIO_EN) for [Anonymous Symbol]
    stm32_gpio_lib.o(.ARM.exidx.text.GPIO_DIS) refers to stm32_gpio_lib.o(.text.GPIO_DIS) for [Anonymous Symbol]
    short_delays_us_ms.o(.text.SysTick_Handler) refers to short_delays_us_ms.o(.bss.usTicks_0) for usTicks_0
    short_delays_us_ms.o(.text.SysTick_Handler) refers to short_delays_us_ms.o(.bss.usTicks_1) for usTicks_1
    short_delays_us_ms.o(.ARM.exidx.text.SysTick_Handler) refers to short_delays_us_ms.o(.text.SysTick_Handler) for [Anonymous Symbol]
    short_delays_us_ms.o(.text.Short_Delays_Systik_us_ms) refers to short_delays_us_ms.o(.bss.Short_Delays_Systik_us_ms.us_already_init) for Short_Delays_Systik_us_ms.us_already_init
    short_delays_us_ms.o(.text.Short_Delays_Systik_us_ms) refers to system_stm32f10x.o(.text.SystemCoreClockUpdate) for SystemCoreClockUpdate
    short_delays_us_ms.o(.text.Short_Delays_Systik_us_ms) refers to system_stm32f10x.o(.data.SystemCoreClock) for SystemCoreClock
    short_delays_us_ms.o(.text.Short_Delays_Systik_us_ms) refers to short_delays_us_ms.o(.text.SysTick_Config) for SysTick_Config
    short_delays_us_ms.o(.text.Short_Delays_Systik_us_ms) refers to short_delays_us_ms.o(.bss.Short_Delays_Systik_us_ms.ms_already_init) for Short_Delays_Systik_us_ms.ms_already_init
[...]
    [Anonymous Symbol]                       0x08000900   Section        0  solder_station_stm32.o(.text.Data_Averager_From_FAN)
    [Anonymous Symbol]                       0x080009d4   Section        0  solder_station_stm32.o(.text.Debug_UART_init)
    [Anonymous Symbol]                       0x08000a1c   Section        0  sdd1306.o(.text.Display_Buffer)
    [Anonymous Symbol]                       0x08000a28   Section        0  sdd1306.o(.text.DrawPixel)
    [Anonymous Symbol]                       0x08000a7c   Section        0  solder_station_stm32.o(.text.Draw_Bars)
    [Anonymous Symbol]                       0x08000aa4   Section        0  solder_station_stm32.o(.text.Draw_FAN_Motor_Status_Bars)
    [Anonymous Symbol]                       0x08000ad8   Section        0  solder_station_stm32.o(.text.Draw_FAN_Speed_Symbol)
    [Anonymous Symbol]                       0x08000b34   Section        0  solder_station_stm32.o(.text.Draw_FAN_Symbol)
    [Anonymous Symbol]                       0x08000b9c   Section        0  solder_station_stm32.o(.text.Draw_FAN_is_Cooling_map)
    [Anonymous Symbol]                       0x08000bb4   Section        0  solder_station_stm32.o(.text.Draw_Fan_is_Cooling)
    [Anonymous Symbol]                       0x08000bd8   Section        0  solder_station_stm32.o(.text.Draw_NO_Solder_detected)
    [Anonymous Symbol]                       0x08000c24   Section        0  solder_station_stm32.o(.text.Draw_SOLDER_Symbol)
    [Anonymous Symbol]                       0x08000c84   Section        0  solder_station_stm32.o(.text.Draw_STBY_Symbol)
    [Anonymous Symbol]                       0x08000d24   Section        0  solder_station_stm32.o(.text.ENCODER_init)
    [Anonymous Symbol]                       0x08000d40   Section        0  interrupts.o(.text.EXTI9_5_IRQHandler)
    [Anonymous Symbol]                       0x08000d94   Section        0  solder_station_stm32.o(.text.Ext_interrupt_to_PINB6_PINB7_init)
    [Anonymous Symbol]                       0x08000df0   Section        0  solder_station_stm32.o(.text.FAN_FSM)
    [Anonymous Symbol]                       0x08000e1c   Section        0  solder_station_stm32.o(.text.FAN_Speed_FSM)
    [Anonymous Symbol]                       0x08000e50   Section        0  solder_station_stm32.o(.text.FSM)
    [Anonymous Symbol]                       0x08000e74   Section        0  stm32_gpio_lib.o(.text.GPIO_EN)
    [Anonymous Symbol]                       0x08001204   Section        0  solder_station_stm32.o(.text.Make_Click)
    [Anonymous Symbol]                       0x08001240   Section        0  solder_station_stm32.o(.text.Make_Click_init)
    [Anonymous Symbol]                       0x08001270   Section        0  solder_station_stm32.o(.text.Monitor_Skip_Button)
    [Anonymous Symbol]                       0x080012d0   Section        0  solder_station_stm32.o(.text.NO_FAN_detected_FSM)
    [Anonymous Symbol]                       0x080012d4   Section        0  solder_station_stm32.o(.text.NO_Solder_detected_FSM)
    [Anonymous Symbol]                       0x080012e0   Section        0  main_solder_station_stm32.o(.text.PB0_LED_main_STATUS)
    [Anonymous Symbol]                       0x08001330   Section        0  solder_station_stm32.o(.text.PID_FAN)
    [Anonymous Symbol]                       0x0800142c   Section        0  solder_station_stm32.o(.text.PID_Solder)
    [Anonymous Symbol]                       0x08001528   Section        0  solder_station_stm32.o(.text.PWM_Disable_FAN_HEATER)
    [Anonymous Symbol]                       0x0800153c   Section        0  solder_station_stm32.o(.text.PWM_Disable_SOLDER)
    [Anonymous Symbol]                       0x0800155c   Section        0  solder_station_stm32.o(.text.PWM_EN_FAN_HEATER)
    [Anonymous Symbol]                       0x08001578   Section        0  solder_station_stm32.o(.text.PWM_EN_OFF_Motor_FAN)
    [Anonymous Symbol]                       0x080015c4   Section        0  solder_station_stm32.o(.text.PWM_EN_SOLDER)
    [Anonymous Symbol]                       0x080015e8   Section        0  stm32f10x_rcc.o(.text.RCC_APB1PeriphClockCmd)
    [Anonymous Symbol]                       0x08001600   Section        0  stm32f10x_rcc.o(.text.RCC_GetClocksFreq)
    [Anonymous Symbol]                       0x080016a0   Section        0  solder_station_stm32.o(.text.SETTING_BARS_FAN_FSM)
    [Anonymous Symbol]                       0x080016a8   Section        0  solder_station_stm32.o(.text.SETTING_TEMPERATURE_FAN_FSM)
    [Anonymous Symbol]                       0x080016b8   Section        0  solder_station_stm32.o(.text.SETTING_TEMPERATURE_SOLDER_FSM)
    [Anonymous Symbol]                       0x080016c8   Section        0  solder_station_stm32.o(.text.SET_FAN_Data)
    [Anonymous Symbol]                       0x0800175c   Section        0  solder_station_stm32.o(.text.SET_FAN_Motor_PWM_DutyCycle_and_BARs)
    [Anonymous Symbol]                       0x0800180c   Section        0  solder_station_stm32.o(.text.SET_Solder_Data)
    [Anonymous Symbol]                       0x0800189c   Section        0  solder_station_stm32.o(.text.SKIP_Button_Timer)
    [Anonymous Symbol]                       0x08001918   Section        0  solder_station_stm32.o(.text.SOLDER_FSM)
    [Anonymous Symbol]                       0x08001930   Section        0  spi_transmitt.o(.text.SPI1_Receive_Temperature)
    [Anonymous Symbol]                       0x08001a68   Section        0  spi_transmitt.o(.text.SPI2_SEND_Command)
    [Anonymous Symbol]                       0x08001aa8   Section        0  spi_transmitt.o(.text.SPI2_init)
    [Anonymous Symbol]                       0x08001b88   Section        0  sdd1306.o(.text.SSD1306_Clear_Display)
    [Anonymous Symbol]                       0x08001bc4   Section        0  sdd1306.o(.text.SSD1306_Draw_Display)
    [Anonymous Symbol]                       0x08001c20   Section        0  sdd1306.o(.text.SSD1306_Init)
    [Anonymous Symbol]                       0x08001cf8   Section        0  solder_station_stm32.o(.text.STBY_Mode_FSM)
    SetSysClock                              0x08001d31   Thumb Code     8  system_stm32f10x.o(.text.SetSysClock)
    [Anonymous Symbol]                       0x08001d30   Section        0  system_stm32f10x.o(.text.SetSysClock)
    SetSysClockTo72                          0x08001d39   Thumb Code   190  system_stm32f10x.o(.text.SetSysClockTo72)
    [Anonymous Symbol]                       0x08001d38   Section        0  system_stm32f10x.o(.text.SetSysClockTo72)
    [Anonymous Symbol]                       0x08001df8   Section        0  sdd1306.o(.text.Set_Cursor)
    [Anonymous Symbol]                       0x08001e08   Section        0  short_delays_us_ms.o(.text.Short_Delays_Systik_us_ms)
    [Anonymous Symbol]                       0x08001ea0   Section        0  solder_station_stm32.o(.text.ShowFanisCooling)
    [Anonymous Symbol]                       0x08001ed8   Section        0  solder_station_stm32.o(.text.Show_SET_FAN_Bars_Data_to_Display)
    [Anonymous Symbol]                       0x08001f0c   Section        0  solder_station_stm32.o(.text.Show_SET_FAN_Data_to_Display)
    [Anonymous Symbol]                       0x08001f8c   Section        0  solder_station_stm32.o(.text.Show_SET_Solder_Data_to_Display)
    [Anonymous Symbol]                       0x0800200c   Section        0  solder_station_stm32.o(.text.Skip_Button_init)
    [Anonymous Symbol]                       0x0800201c   Section        0  main_solder_station_stm32.o(.text.Status_LED_init)
    SysTick_Config                           0x0800202d   Thumb Code    36  short_delays_us_ms.o(.text.SysTick_Config)
    [Anonymous Symbol]                       0x0800202c   Section        0  short_delays_us_ms.o(.text.SysTick_Config)
    [Anonymous Symbol]                       0x08002050   Section        0  short_delays_us_ms.o(.text.SysTick_Handler)
    [Anonymous Symbol]                       0x0800207c   Section        0  system_stm32f10x.o(.text.SystemCoreClockUpdate)
    [Anonymous Symbol]                       0x080020ec   Section        0  system_stm32f10x.o(.text.SystemInit)
    [Anonymous Symbol]                       0x08002144   Section        0  interrupts.o(.text.TIM1_CC_IRQHandler)
    [Anonymous Symbol]                       0x08002170   Section        0  solder_station_stm32.o(.text.TIM1_init_Capture_Compare)
    [Anonymous Symbol]                       0x080021ec   Section        0  interrupts.o(.text.TIM2_IRQHandler)
    [Anonymous Symbol]                       0x08002230   Section        0  solder_station_stm32.o(.text.TIM2_init_Capture_Compare)
    [Anonymous Symbol]                       0x0800227c   Section        0  interrupts.o(.text.TIM3_IRQHandler)
    [Anonymous Symbol]                       0x08002330   Section        0  interrupts.o(.text.TIM4_IRQHandler)
    [Anonymous Symbol]                       0x08002374   Section        0  solder_station_stm32.o(.text.Turn_OFF_FAN)
    [Anonymous Symbol]                       0x080023bc   Section        0  stm32f10x_usart.o(.text.USART_Cmd)
    [Anonymous Symbol]                       0x080023d0   Section        0  stm32f10x_usart.o(.text.USART_Init)
    [Anonymous Symbol]                       0x08002484   Section        0  solder_station_stm32.o(.text.Update_PID_FAN)
    [Anonymous Symbol]                       0x080024a0   Section        0  solder_station_stm32.o(.text.Update_PID_Solder)
    __NVIC_DisableIRQ                        0x080024b9   Thumb Code    24  solder_station_stm32.o(.text.__NVIC_DisableIRQ)
    [Anonymous Symbol]                       0x080024b8   Section        0  solder_station_stm32.o(.text.__NVIC_DisableIRQ)
    __NVIC_EnableIRQ                         0x080024d1   Thumb Code    32  solder_station_stm32.o(.text.__NVIC_EnableIRQ)
    [Anonymous Symbol]                       0x080024d0   Section        0  solder_station_stm32.o(.text.__NVIC_EnableIRQ)
    __NVIC_SetPriority                       0x080024f1   Thumb Code    14  short_delays_us_ms.o(.text.__NVIC_SetPriority)
    [Anonymous Symbol]                       0x080024f0   Section        0  short_delays_us_ms.o(.text.__NVIC_SetPriority)
    [Anonymous Symbol]                       0x08002500   Section        0  main_solder_station_stm32.o(.text.main)
    [Anonymous Symbol]                       0x08002604   Section        0  sdd1306.o(.text.pgm_read_bitmap_ptr)
    [Anonymous Symbol]                       0x08002608   Section        0  sdd1306.o(.text.pgm_read_glyph_ptr)
    [Anonymous Symbol]                       0x08002610   Section        0  sdd1306.o(.text.ssd1306_RESET)
    [Anonymous Symbol]                       0x08002644   Section        0  sdd1306.o(.text.ssd1306_WriteString)
    i.roundf                                 0x08002660   Section        0  roundf.o(i.roundf)
    x$fpl$d2f                                0x080026d4   Section       98  d2f.o(x$fpl$d2f)
    x$fpl$dadd                               0x08002738   Section      336  daddsub_clz.o(x$fpl$dadd)
    _dadd1                                   0x08002749   Thumb Code     0  daddsub_clz.o(x$fpl$dadd)
    x$fpl$ddiv                               0x08002888   Section      688  ddiv.o(x$fpl$ddiv)
    ddiv_entry                               0x0800288f   Thumb Code     0  ddiv.o(x$fpl$ddiv)
    x$fpl$dmul                               0x08002b38   Section      340  dmul.o(x$fpl$dmul)
    x$fpl$dnaninf                            0x08002c8c   Section      156  dnaninf.o(x$fpl$dnaninf)
    x$fpl$dretinf                            0x08002d28   Section       12  dretinf.o(x$fpl$dretinf)
    x$fpl$dsub                               0x08002d34   Section      468  daddsub_clz.o(x$fpl$dsub)
    _dsub1                                   0x08002d45   Thumb Code     0  daddsub_clz.o(x$fpl$dsub)
    x$fpl$f2d                                0x08002f08   Section       86  f2d.o(x$fpl$f2d)
    x$fpl$fadd                               0x08002f60   Section      196  faddsub_clz.o(x$fpl$fadd)
    _fadd1                                   0x08002f6f   Thumb Code     0  faddsub_clz.o(x$fpl$fadd)
    x$fpl$fcmp                               0x08003024   Section       84  fcmp.o(x$fpl$fcmp)
    x$fpl$fcmpinf                            0x08003078   Section       24  fcmpi.o(x$fpl$fcmpinf)
    x$fpl$feqf                               0x08003090   Section      104  feqf.o(x$fpl$feqf)
    x$fpl$ffix                               0x080030f8   Section       54  ffix.o(x$fpl$ffix)
    x$fpl$ffltu                              0x08003130   Section       38  fflt_clz.o(x$fpl$ffltu)
    x$fpl$fgeqf                              0x08003158   Section      104  fgeqf.o(x$fpl$fgeqf)
    x$fpl$fleqf                              0x080031c0   Section      104  fleqf.o(x$fpl$fleqf)
    x$fpl$fmul                               0x08003228   Section      258  fmul.o(x$fpl$fmul)
    x$fpl$fnaninf                            0x0800332a   Section      140  fnaninf.o(x$fpl$fnaninf)
    x$fpl$fretinf                            0x080033b6   Section       10  fretinf.o(x$fpl$fretinf)
    x$fpl$frnd                               0x080033c0   Section       96  frnd.o(x$fpl$frnd)
    x$fpl$fsub                               0x08003420   Section      234  faddsub_clz.o(x$fpl$fsub)
    _fsub1                                   0x0800342f   Thumb Code     0  faddsub_clz.o(x$fpl$fsub)
    ADCPrescTable                            0x0800350a   Data           4  stm32f10x_rcc.o(.rodata.ADCPrescTable)
    [Anonymous Symbol]                       0x0800350a   Section        0  stm32f10x_rcc.o(.rodata.ADCPrescTable)
    x$fpl$usenofp                            0x0800350a   Section        0  usenofp.o(x$fpl$usenofp)
    APBAHBPrescTable                         0x0800351e   Data          16  stm32f10x_rcc.o(.rodata.APBAHBPrescTable)
    [Anonymous Symbol]                       0x0800351e   Section        0  stm32f10x_rcc.o(.rodata.APBAHBPrescTable)
    Alison_finch10pt7b                       0x08003530   Data          16  solder_station_stm32.o(.rodata.Alison_finch10pt7b)
    [Anonymous Symbol]                       0x08003530   Section        0  solder_station_stm32.o(.rodata.Alison_finch10pt7b)
    Alison_finch10pt7bBitmaps                0x08003540   Data        1005  solder_station_stm32.o(.rodata.Alison_finch10pt7bBitmaps)
    [Anonymous Symbol]                       0x08003540   Section        0  solder_station_stm32.o(.rodata.Alison_finch10pt7bBitmaps)
    Alison_finch10pt7bGlyphs                 0x0800392e   Data         760  solder_station_stm32.o(.rodata.Alison_finch10pt7bGlyphs)
    [Anonymous Symbol]                       0x0800392e   Section        0  solder_station_stm32.o(.rodata.Alison_finch10pt7bGlyphs)
    imelda16pt7b                             0x08003c5c   Data          16  solder_station_stm32.o(.rodata.imelda16pt7b)
    [Anonymous Symbol]                       0x08003c5c   Section        0  solder_station_stm32.o(.rodata.imelda16pt7b)
    imelda16pt7bBitmaps                      0x08003c6c   Data        2839  solder_station_stm32.o(.rodata.imelda16pt7bBitmaps)
    [Anonymous Symbol]                       0x08003c6c   Section        0  solder_station_stm32.o(.rodata.imelda16pt7bBitmaps)
    imelda16pt7bGlyphs                       0x08004784   Data         760  solder_station_stm32.o(.rodata.imelda16pt7bGlyphs)
    [Anonymous Symbol]                       0x08004784   Section        0  solder_station_stm32.o(.rodata.imelda16pt7bGlyphs)
    .L.str.7                                 0x08004a7c   Data           3  solder_station_stm32.o(.rodata.str1.1)
    [Anonymous Symbol]                       0x08004a7c   Section        0  solder_station_stm32.o(.rodata.str1.1)
    SET_FAN_Motor_PWM_DutyCycle_and_BARs.FAN_PWM_Data 0x20000002   Data           2  solder_station_stm32.o(.data.SET_FAN_Motor_PWM_DutyCycle_and_BARs.FAN_PWM_Data)
    [Anonymous Symbol]                       0x20000002   Section        0  solder_station_stm32.o(.data.SET_FAN_Motor_PWM_DutyCycle_and_BARs.FAN_PWM_Data)
    Turn_OFF_FAN.CNT                         0x20000060   Data           1  solder_station_stm32.o(.data.Turn_OFF_FAN.CNT)
    [Anonymous Symbol]                       0x20000060   Section        0  solder_station_stm32.o(.data.Turn_OFF_FAN.CNT)
    .bss                                     0x20000068   Section       96  libspace.o(.bss)
    DLY4_Delay_ms_INTERRUPT.DLY4_init        0x200000d4   Data           1  solder_station_stm32.o(.bss.DLY4_Delay_ms_INTERRUPT.DLY4_init)
    [Anonymous Symbol]                       0x200000d4   Section        0  solder_station_stm32.o(.bss.DLY4_Delay_ms_INTERRUPT.DLY4_init)
    Data_Averager_For_Solder.Collect_Samples 0x200000d8   Data           8  solder_station_stm32.o(.bss.Data_Averager_For_Solder.Collect_Samples)
    [Anonymous Symbol]                       0x200000d8   Section        0  solder_station_stm32.o(.bss.Data_Averager_For_Solder.Collect_Samples)
    Data_Averager_For_Solder.i               0x200000e0   Data           1  solder_station_stm32.o(.bss.Data_Averager_For_Solder.i)
    [Anonymous Symbol]                       0x200000e0   Section        0  solder_station_stm32.o(.bss.Data_Averager_For_Solder.i)
    Data_Averager_From_FAN.Collect_Samples   0x200000e8   Data           8  solder_station_stm32.o(.bss.Data_Averager_From_FAN.Collect_Samples)
    [Anonymous Symbol]                       0x200000e8   Section        0  solder_station_stm32.o(.bss.Data_Averager_From_FAN.Collect_Samples)
    Data_Averager_From_FAN.i                 0x200000f0   Data           1  solder_station_stm32.o(.bss.Data_Averager_From_FAN.i)
    [Anonymous Symbol]                       0x200000f0   Section        0  solder_station_stm32.o(.bss.Data_Averager_From_FAN.i)
    Display_Buffer.buffer                    0x200000f1   Data        1024  sdd1306.o(.bss.Display_Buffer.buffer)
    [Anonymous Symbol]                       0x200000f1   Section        0  sdd1306.o(.bss.Display_Buffer.buffer)
    DrawPixel.Display_Cleared                0x200004f1   Data           1  sdd1306.o(.bss.DrawPixel.Display_Cleared)
    [Anonymous Symbol]                       0x200004f1   Section        0  sdd1306.o(.bss.DrawPixel.Display_Cleared)
    Make_Click.flip                          0x200004f2   Data           1  solder_station_stm32.o(.bss.Make_Click.flip)
    [Anonymous Symbol]                       0x200004f2   Section        0  solder_station_stm32.o(.bss.Make_Click.flip)
    Monitor_Skip_Button.Skip_Button_CNT      0x200004f3   Data           1  solder_station_stm32.o(.bss.Monitor_Skip_Button.Skip_Button_CNT)
    [Anonymous Symbol]                       0x200004f3   Section        0  solder_station_stm32.o(.bss.Monitor_Skip_Button.Skip_Button_CNT)
    PB0_LED_main_STATUS.Count                0x200004f4   Data           4  main_solder_station_stm32.o(.bss.PB0_LED_main_STATUS.Count)
    [Anonymous Symbol]                       0x200004f4   Section        0  main_solder_station_stm32.o(.bss.PB0_LED_main_STATUS.Count)
    PID_FAN.integral                         0x20000518   Data           8  solder_station_stm32.o(.bss.PID_FAN.integral)
    [Anonymous Symbol]                       0x20000518   Section        0  solder_station_stm32.o(.bss.PID_FAN.integral)
    PID_Solder.integral                      0x20000520   Data           8  solder_station_stm32.o(.bss.PID_Solder.integral)
    [Anonymous Symbol]                       0x20000520   Section        0  solder_station_stm32.o(.bss.PID_Solder.integral)
    SKIP_Button_Timer.TIMER3_SKIP_Button_init 0x20000528   Data           1  solder_station_stm32.o(.bss.SKIP_Button_Timer.TIMER3_SKIP_Button_init)
    [Anonymous Symbol]                       0x20000528   Section        0  solder_station_stm32.o(.bss.SKIP_Button_Timer.TIMER3_SKIP_Button_init)
    SPI1_Receive_Temperature.SPI1_init       0x20000529   Data           1  spi_transmitt.o(.bss.SPI1_Receive_Temperature.SPI1_init)
    [Anonymous Symbol]                       0x20000529   Section        0  spi_transmitt.o(.bss.SPI1_Receive_Temperature.SPI1_init)
    Short_Delays_Systik_us_ms.ms_already_init 0x2000052a   Data           1  short_delays_us_ms.o(.bss.Short_Delays_Systik_us_ms.ms_already_init)
    [Anonymous Symbol]                       0x2000052a   Section        0  short_delays_us_ms.o(.bss.Short_Delays_Systik_us_ms.ms_already_init)
    Short_Delays_Systik_us_ms.us_already_init 0x2000052b   Data           1  short_delays_us_ms.o(.bss.Short_Delays_Systik_us_ms.us_already_init)
    [Anonymous Symbol]                       0x2000052b   Section        0  short_delays_us_ms.o(.bss.Short_Delays_Systik_us_ms.us_already_init)
    ShowFanisCooling.visiblecount            0x2000052c   Data           1  solder_station_stm32.o(.bss.ShowFanisCooling.visiblecount)
    [Anonymous Symbol]                       0x2000052c   Section        0  solder_station_stm32.o(.bss.ShowFanisCooling.visiblecount)
    TIM1_init_Capture_Compare.TIM1enabled    0x2000052e   Data           1  solder_station_stm32.o(.bss.TIM1_init_Capture_Compare.TIM1enabled)
    [Anonymous Symbol]                       0x2000052e   Section        0  solder_station_stm32.o(.bss.TIM1_init_Capture_Compare.TIM1enabled)
    TIM2_IRQHandler.CNT                      0x2000052f   Data           1  interrupts.o(.bss.TIM2_IRQHandler.CNT)
    [Anonymous Symbol]                       0x2000052f   Section        0  interrupts.o(.bss.TIM2_IRQHandler.CNT)
    gfxFont                                  0x20000530   Data           4  sdd1306.o(.bss.gfxFont)
    [Anonymous Symbol]                       0x20000530   Section        0  sdd1306.o(.bss.gfxFont)
    usTicks_0                                0x20000538   Data           4  short_delays_us_ms.o(.bss.usTicks_0)
    [Anonymous Symbol]                       0x20000538   Section        0  short_delays_us_ms.o(.bss.usTicks_0)
    usTicks_1                                0x2000053c   Data           4  short_delays_us_ms.o(.bss.usTicks_1)
    [Anonymous Symbol]                       0x2000053c   Section        0  short_delays_us_ms.o(.bss.usTicks_1)
    Heap_Mem                                 0x20000540   Data         512  startup_stm32f10x_md.o(HEAP)
    HEAP                                     0x20000540   Section      512  startup_stm32f10x_md.o(HEAP)
    Stack_Mem                                0x20000740   Data        1024  startup_stm32f10x_md.o(STACK)
    STACK                                    0x20000740   Section     1024  startup_stm32f10x_md.o(STACK)
    __initial_sp                             0x20000b40   Data           0  startup_stm32f10x_md.o(STACK)

    Global Symbols

    Symbol Name                              Value     Ov Type        Size  Object(Section)

    BuildAttributes$$THM_ISAv4$P$D$K$B$S$PE$A:L22UL41UL21$X:L11$S22US41US21$IEEE1$IW$~IW$USESV6$~STKCKD$USESV7$~SHL$OTIME$ROPI$IEEEJ$EBA8$UX$STANDARDLIB$REQ8$PRES8$EABIv2 0x00000000   Number         0  anon$$obj.o ABSOLUTE
    __fp_init_empty                          0x00000000   Number         0  fpinit_empty.o ABSOLUTE
    __ARM_exceptions_init                     - Undefined Weak Reference
    __alloca_initialize                       - Undefined Weak Reference
    __arm_preinit_                            - Undefined Weak Reference
    __cpp_initialize__aeabi_                  - Undefined Weak Reference
    __cxa_finalize                            - Undefined Weak Reference
    __rt_locale                               - Undefined Weak Reference
    __sigvec_lookup                           - Undefined Weak Reference
    _atexit_init                              - Undefined Weak Reference
    _call_atexit_fns                          - Undefined Weak Reference
    _clock_init                               - Undefined Weak Reference
    _fp_trap_init                             - Undefined Weak Reference
    _fp_trap_shutdown                         - Undefined Weak Reference
    _get_lc_collate                           - Undefined Weak Reference
    _get_lc_ctype                             - Undefined Weak Reference
    _get_lc_monetary                          - Undefined Weak Reference
    _get_lc_numeric                           - Undefined Weak Reference
    _get_lc_time                              - Undefined Weak Reference
    _getenv_init                              - Undefined Weak Reference
    _handle_redirection                       - Undefined Weak Reference
    _init_alloc                               - Undefined Weak Reference
    _init_user_alloc                          - Undefined Weak Reference
    _initio                                   - Undefined Weak Reference
    _printf_post_padding                      - Undefined Weak Reference
    _printf_pre_padding                       - Undefined Weak Reference
    _printf_truncate_signed                   - Undefined Weak Reference
    _printf_truncate_unsigned                 - Undefined Weak Reference
    _rand_init                                - Undefined Weak Reference
    _signal_finish                            - Undefined Weak Reference
    _signal_init                              - Undefined Weak Reference
    _terminate_alloc                          - Undefined Weak Reference
    _terminate_user_alloc                     - Undefined Weak Reference
    _terminateio                              - Undefined Weak Reference
    __Vectors_Size                           0x000000ec   Number         0  startup_stm32f10x_md.o ABSOLUTE
    __Vectors                                0x08000000   Data           4  startup_stm32f10x_md.o(RESET)
    __Vectors_End                            0x080000ec   Data           0  startup_stm32f10x_md.o(RESET)
    __main                                   0x080000ed   Thumb Code     8  __main.o(!!!main)
    __scatterload                            0x080000f5   Thumb Code     0  __scatter.o(!!!scatter)
    __scatterload_rt2                        0x080000f5   Thumb Code    44  __scatter.o(!!!scatter)
    __scatterload_rt2_thumb_only             0x080000f5   Thumb Code     0  __scatter.o(!!!scatter)
    __scatterload_null                       0x08000103   Thumb Code     0  __scatter.o(!!!scatter)
    __scatterload_copy                       0x08000129   Thumb Code    26  __scatter_copy.o(!!handler_copy)
    __scatterload_zeroinit                   0x08000145   Thumb Code    28  __scatter_zi.o(!!handler_zi)
    _printf_d                                0x08000161   Thumb Code     0  _printf_d.o(.ARM.Collect$$_printf_percent$$00000009)
    _printf_percent                          0x08000161   Thumb Code     0  _printf_percent.o(.ARM.Collect$$_printf_percent$$00000000)
    _printf_u                                0x08000167   Thumb Code     0  _printf_u.o(.ARM.Collect$$_printf_percent$$0000000A)
    _printf_percent_end                      0x0800016d   Thumb Code     0  _printf_percent_end.o(.ARM.Collect$$_printf_percent$$00000017)
    __rt_lib_init                            0x08000171   Thumb Code     0  libinit.o(.ARM.Collect$$libinit$$00000000)
    __rt_lib_init_alloca_1                   0x08000173   Thumb Code     0  libinit2.o(.ARM.Collect$$libinit$$0000002E)
    __rt_lib_init_argv_1                     0x08000173   Thumb Code     0  libinit2.o(.ARM.Collect$$libinit$$0000002C)
    __rt_lib_init_atexit_1                   0x08000173   Thumb Code     0  libinit2.o(.ARM.Collect$$libinit$$0000001B)
    __rt_lib_init_clock_1                    0x08000173   Thumb Code     0  libinit2.o(.ARM.Collect$$libinit$$00000021)
    __rt_lib_init_cpp_1                      0x08000173   Thumb Code     0  libinit2.o(.ARM.Collect$$libinit$$00000032)
    __rt_lib_init_exceptions_1               0x08000173   Thumb Code     0  libinit2.o(.ARM.Collect$$libinit$$00000030)
    __rt_lib_init_fp_1                       0x08000173   Thumb Code     0  libinit2.o(.ARM.Collect$$libinit$$00000002)
    __rt_lib_init_fp_trap_1                  0x08000173   Thumb Code     0  libinit2.o(.ARM.Collect$$libinit$$0000001F)
    __rt_lib_init_getenv_1                   0x08000173   Thumb Code     0  libinit2.o(.ARM.Collect$$libinit$$00000023)
    __rt_lib_init_heap_1                     0x08000173   Thumb Code     0  libinit2.o(.ARM.Collect$$libinit$$0000000A)
    __rt_lib_init_lc_collate_1               0x08000173   Thumb Code     0  libinit2.o(.ARM.Collect$$libinit$$00000011)
    __rt_lib_init_lc_ctype_1                 0x08000173   Thumb Code     0  libinit2.o(.ARM.Collect$$libinit$$00000013)
    __rt_lib_init_lc_monetary_1              0x08000173   Thumb Code     0  libinit2.o(.ARM.Collect$$libinit$$00000015)
    __rt_lib_init_lc_numeric_1               0x08000173   Thumb Code     0  libinit2.o(.ARM.Collect$$libinit$$00000017)
    __rt_lib_init_lc_time_1                  0x08000173   Thumb Code     0  libinit2.o(.ARM.Collect$$libinit$$00000019)
    __rt_lib_init_preinit_1                  0x08000173   Thumb Code     0  libinit2.o(.ARM.Collect$$libinit$$00000004)
    __rt_lib_init_rand_1                     0x08000173   Thumb Code     0  libinit2.o(.ARM.Collect$$libinit$$0000000E)
    __rt_lib_init_return                     0x08000173   Thumb Code     0  libinit2.o(.ARM.Collect$$libinit$$00000033)
    __rt_lib_init_signal_1                   0x08000173   Thumb Code     0  libinit2.o(.ARM.Collect$$libinit$$0000001D)
    __rt_lib_init_stdio_1                    0x08000173   Thumb Code     0  libinit2.o(.ARM.Collect$$libinit$$00000025)
    __rt_lib_init_user_alloc_1               0x08000173   Thumb Code     0  libinit2.o(.ARM.Collect$$libinit$$0000000C)
    __rt_lib_shutdown                        0x08000175   Thumb Code     0  libshutdown.o(.ARM.Collect$$libshutdown$$00000000)
    __rt_lib_shutdown_cpp_1                  0x08000177   Thumb Code     0  libshutdown2.o(.ARM.Collect$$libshutdown$$00000002)
    __rt_lib_shutdown_fp_trap_1              0x08000177   Thumb Code     0  libshutdown2.o(.ARM.Collect$$libshutdown$$00000007)
    __rt_lib_shutdown_heap_1                 0x08000177   Thumb Code     0  libshutdown2.o(.ARM.Collect$$libshutdown$$0000000F)
    __rt_lib_shutdown_return                 0x08000177   Thumb Code     0  libshutdown2.o(.ARM.Collect$$libshutdown$$00000010)
    __rt_lib_shutdown_signal_1               0x08000177   Thumb Code     0  libshutdown2.o(.ARM.Collect$$libshutdown$$0000000A)
    __rt_lib_shutdown_stdio_1                0x08000177   Thumb Code     0  libshutdown2.o(.ARM.Collect$$libshutdown$$00000004)
    __rt_lib_shutdown_user_alloc_1           0x08000177   Thumb Code     0  libshutdown2.o(.ARM.Collect$$libshutdown$$0000000C)
    __rt_entry                               0x08000179   Thumb Code     0  __rtentry.o(.ARM.Collect$$rtentry$$00000000)
    __rt_entry_presh_1                       0x08000179   Thumb Code     0  __rtentry2.o(.ARM.Collect$$rtentry$$00000002)
    __rt_entry_sh                            0x08000179   Thumb Code     0  __rtentry4.o(.ARM.Collect$$rtentry$$00000004)
    __rt_entry_li                            0x0800017f   Thumb Code     0  __rtentry2.o(.ARM.Collect$$rtentry$$0000000A)
    __rt_entry_postsh_1                      0x0800017f   Thumb Code     0  __rtentry2.o(.ARM.Collect$$rtentry$$00000009)
    __rt_entry_main                          0x08000183   Thumb Code     0  __rtentry2.o(.ARM.Collect$$rtentry$$0000000D)
    __rt_entry_postli_1                      0x08000183   Thumb Code     0  __rtentry2.o(.ARM.Collect$$rtentry$$0000000C)
    __rt_exit                                0x0800018b   Thumb Code     0  rtexit.o(.ARM.Collect$$rtexit$$00000000)
    __rt_exit_ls                             0x0800018d   Thumb Code     0  rtexit2.o(.ARM.Collect$$rtexit$$00000003)
    __rt_exit_prels_1                        0x0800018d   Thumb Code     0  rtexit2.o(.ARM.Collect$$rtexit$$00000002)
    __rt_exit_exit                           0x08000191   Thumb Code     0  rtexit2.o(.ARM.Collect$$rtexit$$00000004)
    Reset_Handler                            0x08000199   Thumb Code     8  startup_stm32f10x_md.o(.text)
    NMI_Handler                              0x080001a1   Thumb Code     2  startup_stm32f10x_md.o(.text)
    HardFault_Handler                        0x080001a3   Thumb Code     2  startup_stm32f10x_md.o(.text)
    MemManage_Handler                        0x080001a5   Thumb Code     2  startup_stm32f10x_md.o(.text)
    BusFault_Handler                         0x080001a7   Thumb Code     2  startup_stm32f10x_md.o(.text)
    UsageFault_Handler                       0x080001a9   Thumb Code     2  startup_stm32f10x_md.o(.text)
    SVC_Handler                              0x080001ab   Thumb Code     2  startup_stm32f10x_md.o(.text)
    DebugMon_Handler                         0x080001ad   Thumb Code     2  startup_stm32f10x_md.o(.text)
    PendSV_Handler                           0x080001af   Thumb Code     2  startup_stm32f10x_md.o(.text)
    ADC1_2_IRQHandler                        0x080001b3   Thumb Code     0  startup_stm32f10x_md.o(.text)
    CAN1_RX1_IRQHandler                      0x080001b3   Thumb Code     0  startup_stm32f10x_md.o(.text)
    CAN1_SCE_IRQHandler                      0x080001b3   Thumb Code     0  startup_stm32f10x_md.o(.text)
    DMA1_Channel1_IRQHandler                 0x080001b3   Thumb Code     0  startup_stm32f10x_md.o(.text)
    DMA1_Channel2_IRQHandler                 0x080001b3   Thumb Code     0  startup_stm32f10x_md.o(.text)
    DMA1_Channel3_IRQHandler                 0x080001b3   Thumb Code     0  startup_stm32f10x_md.o(.text)
    DMA1_Channel4_IRQHandler                 0x080001b3   Thumb Code     0  startup_stm32f10x_md.o(.text)
    DMA1_Channel5_IRQHandler                 0x080001b3   Thumb Code     0  startup_stm32f10x_md.o(.text)
    DMA1_Channel6_IRQHandler                 0x080001b3   Thumb Code     0  startup_stm32f10x_md.o(.text)
    DMA1_Channel7_IRQHandler                 0x080001b3   Thumb Code     0  startup_stm32f10x_md.o(.text)
    EXTI0_IRQHandler                         0x080001b3   Thumb Code     0  startup_stm32f10x_md.o(.text)
    EXTI15_10_IRQHandler                     0x080001b3   Thumb Code     0  startup_stm32f10x_md.o(.text)
    EXTI1_IRQHandler                         0x080001b3   Thumb Code     0  startup_stm32f10x_md.o(.text)
    EXTI2_IRQHandler                         0x080001b3   Thumb Code     0  startup_stm32f10x_md.o(.text)
    EXTI3_IRQHandler                         0x080001b3   Thumb Code     0  startup_stm32f10x_md.o(.text)
    EXTI4_IRQHandler                         0x080001b3   Thumb Code     0  startup_stm32f10x_md.o(.text)
    FLASH_IRQHandler                         0x080001b3   Thumb Code     0  startup_stm32f10x_md.o(.text)
    I2C1_ER_IRQHandler                       0x080001b3   Thumb Code     0  startup_stm32f10x_md.o(.text)
    I2C1_EV_IRQHandler                       0x080001b3   Thumb Code     0  startup_stm32f10x_md.o(.text)
    I2C2_ER_IRQHandler                       0x080001b3   Thumb Code     0  startup_stm32f10x_md.o(.text)
    I2C2_EV_IRQHandler                       0x080001b3   Thumb Code     0  startup_stm32f10x_md.o(.text)
    PVD_IRQHandler                           0x080001b3   Thumb Code     0  startup_stm32f10x_md.o(.text)
    RCC_IRQHandler                           0x080001b3   Thumb Code     0  startup_stm32f10x_md.o(.text)
    RTCAlarm_IRQHandler                      0x080001b3   Thumb Code     0  startup_stm32f10x_md.o(.text)
    RTC_IRQHandler                           0x080001b3   Thumb Code     0  startup_stm32f10x_md.o(.text)
    SPI1_IRQHandler                          0x080001b3   Thumb Code     0  startup_stm32f10x_md.o(.text)
    SPI2_IRQHandler                          0x080001b3   Thumb Code     0  startup_stm32f10x_md.o(.text)
    TAMPER_IRQHandler                        0x080001b3   Thumb Code     0  startup_stm32f10x_md.o(.text)
    TIM1_BRK_IRQHandler                      0x080001b3   Thumb Code     0  startup_stm32f10x_md.o(.text)
    TIM1_TRG_COM_IRQHandler                  0x080001b3   Thumb Code     0  startup_stm32f10x_md.o(.text)
    TIM1_UP_IRQHandler                       0x080001b3   Thumb Code     0  startup_stm32f10x_md.o(.text)
    USART1_IRQHandler                        0x080001b3   Thumb Code     0  startup_stm32f10x_md.o(.text)
    USART2_IRQHandler                        0x080001b3   Thumb Code     0  startup_stm32f10x_md.o(.text)
    USART3_IRQHandler                        0x080001b3   Thumb Code     0  startup_stm32f10x_md.o(.text)
    USBWakeUp_IRQHandler                     0x080001b3   Thumb Code     0  startup_stm32f10x_md.o(.text)
    USB_HP_CAN1_TX_IRQHandler                0x080001b3   Thumb Code     0  startup_stm32f10x_md.o(.text)
    USB_LP_CAN1_RX0_IRQHandler               0x080001b3   Thumb Code     0  startup_stm32f10x_md.o(.text)
    WWDG_IRQHandler                          0x080001b3   Thumb Code     0  startup_stm32f10x_md.o(.text)
    __user_initial_stackheap                 0x080001b5   Thumb Code     0  startup_stm32f10x_md.o(.text)
    __2sprintf                               0x080001d9   Thumb Code    34  noretval__2sprintf.o(.text)
    __printf                                 0x08000201   Thumb Code   104  __printf.o(.text)
    _printf_int_dec                          0x08000269   Thumb Code   104  _printf_dec.o(.text)
    __aeabi_memclr                           0x080002e1   Thumb Code     0  rt_memclr.o(.text)
    __rt_memclr                              0x080002e1   Thumb Code    68  rt_memclr.o(.text)
    _memset                                  0x080002e5   Thumb Code     0  rt_memclr.o(.text)
    __use_two_region_memory                  0x08000325   Thumb Code     2  heapauxi.o(.text)
    __rt_heap_escrow$2region                 0x08000327   Thumb Code     2  heapauxi.o(.text)
    __rt_heap_expand$2region                 0x08000329   Thumb Code     2  heapauxi.o(.text)
    _printf_int_common                       0x0800032b   Thumb Code   178  _printf_intcommon.o(.text)
    _printf_char_common                      0x080003e7   Thumb Code    32  _printf_char_common.o(.text)
    _sputc                                   0x0800040d   Thumb Code    10  _sputc.o(.text)
    __aeabi_memclr4                          0x08000417   Thumb Code     0  rt_memclr_w.o(.text)
    __aeabi_memclr8                          0x08000417   Thumb Code     0  rt_memclr_w.o(.text)
    __rt_memclr_w                            0x08000417   Thumb Code    78  rt_memclr_w.o(.text)
    _memset_w                                0x0800041b   Thumb Code     0  rt_memclr_w.o(.text)
    __user_setup_stackheap                   0x08000465   Thumb Code    74  sys_stackheap_outer.o(.text)
    exit                                     0x080004af   Thumb Code    18  exit.o(.text)
    __user_libspace                          0x080004c1   Thumb Code     8  libspace.o(.text)
    __user_perproc_libspace                  0x080004c1   Thumb Code     0  libspace.o(.text)
    __user_perthread_libspace                0x080004c1   Thumb Code     0  libspace.o(.text)
    _sys_exit                                0x080004c9   Thumb Code     8  sys_exit.o(.text)
    __I$use$semihosting                      0x080004d5   Thumb Code     0  use_no_semi.o(.text)
    __use_no_semihosting_swi                 0x080004d5   Thumb Code     2  use_no_semi.o(.text)
    __semihosting_library_function           0x080004d7   Thumb Code     0  indicate_semi.o(.text)
    Adafruit_GFX_drawBitmap                  0x080004d9   Thumb Code    92  sdd1306.o(.text.Adafruit_GFX_drawBitmap)
    Adafruit_GFX_drawChar                    0x08000535   Thumb Code   202  sdd1306.o(.text.Adafruit_GFX_drawChar)
    Adafruit_GFX_drawCircle                  0x08000601   Thumb Code   374  sdd1306.o(.text.Adafruit_GFX_drawCircle)
    Adafruit_GFX_setFont                     0x08000779   Thumb Code    12  sdd1306.o(.text.Adafruit_GFX_setFont)
    DLY4_Delay_ms_INTERRUPT                  0x08000785   Thumb Code   144  solder_station_stm32.o(.text.DLY4_Delay_ms_INTERRUPT)
    Data_Averager_For_Solder                 0x08000815   Thumb Code   236  solder_station_stm32.o(.text.Data_Averager_For_Solder)
    Data_Averager_From_FAN                   0x08000901   Thumb Code   212  solder_station_stm32.o(.text.Data_Averager_From_FAN)
    Debug_UART_init                          0x080009d5   Thumb Code    72  solder_station_stm32.o(.text.Debug_UART_init)
    Display_Buffer                           0x08000a1d   Thumb Code    10  sdd1306.o(.text.Display_Buffer)
    DrawPixel                                0x08000a29   Thumb Code    84  sdd1306.o(.text.DrawPixel)
    Draw_Bars                                0x08000a7d   Thumb Code    40  solder_station_stm32.o(.text.Draw_Bars)
    Draw_FAN_Motor_Status_Bars               0x08000aa5   Thumb Code    52  solder_station_stm32.o(.text.Draw_FAN_Motor_Status_Bars)
    Draw_FAN_Speed_Symbol                    0x08000ad9   Thumb Code    92  solder_station_stm32.o(.text.Draw_FAN_Speed_Symbol)
    Draw_FAN_Symbol                          0x08000b35   Thumb Code   104  solder_station_stm32.o(.text.Draw_FAN_Symbol)
    Draw_FAN_is_Cooling_map                  0x08000b9d   Thumb Code    22  solder_station_stm32.o(.text.Draw_FAN_is_Cooling_map)
    Draw_Fan_is_Cooling                      0x08000bb5   Thumb Code    34  solder_station_stm32.o(.text.Draw_Fan_is_Cooling)
    Draw_NO_Solder_detected                  0x08000bd9   Thumb Code    76  solder_station_stm32.o(.text.Draw_NO_Solder_detected)
    Draw_SOLDER_Symbol                       0x08000c25   Thumb Code    96  solder_station_stm32.o(.text.Draw_SOLDER_Symbol)
    Draw_STBY_Symbol                         0x08000c85   Thumb Code   160  solder_station_stm32.o(.text.Draw_STBY_Symbol)
    ENCODER_init                             0x08000d25   Thumb Code    28  solder_station_stm32.o(.text.ENCODER_init)
    EXTI9_5_IRQHandler                       0x08000d41   Thumb Code    82  interrupts.o(.text.EXTI9_5_IRQHandler)
    Ext_interrupt_to_PINB6_PINB7_init        0x08000d95   Thumb Code    90  solder_station_stm32.o(.text.Ext_interrupt_to_PINB6_PINB7_init)
    FAN_FSM                                  0x08000df1   Thumb Code    42  solder_station_stm32.o(.text.FAN_FSM)
    FAN_Speed_FSM                            0x08000e1d   Thumb Code    50  solder_station_stm32.o(.text.FAN_Speed_FSM)
    FSM                                      0x08000e51   Thumb Code    36  solder_station_stm32.o(.text.FSM)
    GPIO_EN                                  0x08000e75   Thumb Code   912  stm32_gpio_lib.o(.text.GPIO_EN)
    Make_Click                               0x08001205   Thumb Code    60  solder_station_stm32.o(.text.Make_Click)
    Make_Click_init                          0x08001241   Thumb Code    48  solder_station_stm32.o(.text.Make_Click_init)
    Monitor_Skip_Button                      0x08001271   Thumb Code    96  solder_station_stm32.o(.text.Monitor_Skip_Button)
    NO_FAN_detected_FSM                      0x080012d1   Thumb Code     2  solder_station_stm32.o(.text.NO_FAN_detected_FSM)
    NO_Solder_detected_FSM                   0x080012d5   Thumb Code    12  solder_station_stm32.o(.text.NO_Solder_detected_FSM)
    PB0_LED_main_STATUS                      0x080012e1   Thumb Code    78  main_solder_station_stm32.o(.text.PB0_LED_main_STATUS)
    PID_FAN                                  0x08001331   Thumb Code   252  solder_station_stm32.o(.text.PID_FAN)
    PID_Solder                               0x0800142d   Thumb Code   252  solder_station_stm32.o(.text.PID_Solder)
    PWM_Disable_FAN_HEATER                   0x08001529   Thumb Code    18  solder_station_stm32.o(.text.PWM_Disable_FAN_HEATER)
    PWM_Disable_SOLDER                       0x0800153d   Thumb Code    30  solder_station_stm32.o(.text.PWM_Disable_SOLDER)
    PWM_EN_FAN_HEATER                        0x0800155d   Thumb Code    26  solder_station_stm32.o(.text.PWM_EN_FAN_HEATER)
    PWM_EN_OFF_Motor_FAN                     0x08001579   Thumb Code    74  solder_station_stm32.o(.text.PWM_EN_OFF_Motor_FAN)
    PWM_EN_SOLDER                            0x080015c5   Thumb Code    36  solder_station_stm32.o(.text.PWM_EN_SOLDER)
    RCC_APB1PeriphClockCmd                   0x080015e9   Thumb Code    24  stm32f10x_rcc.o(.text.RCC_APB1PeriphClockCmd)
    RCC_GetClocksFreq                        0x08001601   Thumb Code   160  stm32f10x_rcc.o(.text.RCC_GetClocksFreq)
    SETTING_BARS_FAN_FSM                     0x080016a1   Thumb Code     8  solder_station_stm32.o(.text.SETTING_BARS_FAN_FSM)
    SETTING_TEMPERATURE_FAN_FSM              0x080016a9   Thumb Code    16  solder_station_stm32.o(.text.SETTING_TEMPERATURE_FAN_FSM)
    SETTING_TEMPERATURE_SOLDER_FSM           0x080016b9   Thumb Code    16  solder_station_stm32.o(.text.SETTING_TEMPERATURE_SOLDER_FSM)
    SET_FAN_Data                             0x080016c9   Thumb Code   146  solder_station_stm32.o(.text.SET_FAN_Data)
    SET_FAN_Motor_PWM_DutyCycle_and_BARs     0x0800175d   Thumb Code   176  solder_station_stm32.o(.text.SET_FAN_Motor_PWM_DutyCycle_and_BARs)
    SET_Solder_Data                          0x0800180d   Thumb Code   144  solder_station_stm32.o(.text.SET_Solder_Data)
    SKIP_Button_Timer                        0x0800189d   Thumb Code   124  solder_station_stm32.o(.text.SKIP_Button_Timer)
    SOLDER_FSM                               0x08001919   Thumb Code    22  solder_station_stm32.o(.text.SOLDER_FSM)
    SPI1_Receive_Temperature                 0x08001931   Thumb Code   312  spi_transmitt.o(.text.SPI1_Receive_Temperature)
    SPI2_SEND_Command                        0x08001a69   Thumb Code    64  spi_transmitt.o(.text.SPI2_SEND_Command)
    SPI2_init                                0x08001aa9   Thumb Code   224  spi_transmitt.o(.text.SPI2_init)
    SSD1306_Clear_Display                    0x08001b89   Thumb Code    60  sdd1306.o(.text.SSD1306_Clear_Display)
    SSD1306_Draw_Display                     0x08001bc5   Thumb Code    90  sdd1306.o(.text.SSD1306_Draw_Display)
    SSD1306_Init                             0x08001c21   Thumb Code   214  sdd1306.o(.text.SSD1306_Init)
    STBY_Mode_FSM                            0x08001cf9   Thumb Code    54  solder_station_stm32.o(.text.STBY_Mode_FSM)
    Set_Cursor                               0x08001df9   Thumb Code    14  sdd1306.o(.text.Set_Cursor)
    Short_Delays_Systik_us_ms                0x08001e09   Thumb Code   150  short_delays_us_ms.o(.text.Short_Delays_Systik_us_ms)
    ShowFanisCooling                         0x08001ea1   Thumb Code    56  solder_station_stm32.o(.text.ShowFanisCooling)
    Show_SET_FAN_Bars_Data_to_Display        0x08001ed9   Thumb Code    50  solder_station_stm32.o(.text.Show_SET_FAN_Bars_Data_to_Display)
    Show_SET_FAN_Data_to_Display             0x08001f0d   Thumb Code   128  solder_station_stm32.o(.text.Show_SET_FAN_Data_to_Display)
    Show_SET_Solder_Data_to_Display          0x08001f8d   Thumb Code   128  solder_station_stm32.o(.text.Show_SET_Solder_Data_to_Display)
    Skip_Button_init                         0x0800200d   Thumb Code    14  solder_station_stm32.o(.text.Skip_Button_init)
    Status_LED_init                          0x0800201d   Thumb Code    14  main_solder_station_stm32.o(.text.Status_LED_init)
    SysTick_Handler                          0x08002051   Thumb Code    42  short_delays_us_ms.o(.text.SysTick_Handler)
    SystemCoreClockUpdate                    0x0800207d   Thumb Code   110  system_stm32f10x.o(.text.SystemCoreClockUpdate)
    SystemInit                               0x080020ed   Thumb Code    86  system_stm32f10x.o(.text.SystemInit)
    TIM1_CC_IRQHandler                       0x08002145   Thumb Code    44  interrupts.o(.text.TIM1_CC_IRQHandler)
    TIM1_init_Capture_Compare                0x08002171   Thumb Code   122  solder_station_stm32.o(.text.TIM1_init_Capture_Compare)
    TIM2_IRQHandler                          0x080021ed   Thumb Code    66  interrupts.o(.text.TIM2_IRQHandler)
    TIM2_init_Capture_Compare                0x08002231   Thumb Code    74  solder_station_stm32.o(.text.TIM2_init_Capture_Compare)
    TIM3_IRQHandler                          0x0800227d   Thumb Code   178  interrupts.o(.text.TIM3_IRQHandler)
    TIM4_IRQHandler                          0x08002331   Thumb Code    66  interrupts.o(.text.TIM4_IRQHandler)
    Turn_OFF_FAN                             0x08002375   Thumb Code    72  solder_station_stm32.o(.text.Turn_OFF_FAN)
    USART_Cmd                                0x080023bd   Thumb Code    18  stm32f10x_usart.o(.text.USART_Cmd)
    USART_Init                               0x080023d1   Thumb Code   178  stm32f10x_usart.o(.text.USART_Init)
    Update_PID_FAN                           0x08002485   Thumb Code    26  solder_station_stm32.o(.text.Update_PID_FAN)
    Update_PID_Solder                        0x080024a1   Thumb Code    24  solder_station_stm32.o(.text.Update_PID_Solder)
    main                                     0x08002501   Thumb Code   258  main_solder_station_stm32.o(.text.main)
    pgm_read_bitmap_ptr                      0x08002605   Thumb Code     4  sdd1306.o(.text.pgm_read_bitmap_ptr)
    pgm_read_glyph_ptr                       0x08002609   Thumb Code     8  sdd1306.o(.text.pgm_read_glyph_ptr)
    ssd1306_RESET                            0x08002611   Thumb Code    52  sdd1306.o(.text.ssd1306_RESET)
    ssd1306_WriteString                      0x08002645   Thumb Code    28  sdd1306.o(.text.ssd1306_WriteString)
    roundf                                   0x08002661   Thumb Code   114  roundf.o(i.roundf)
    __aeabi_d2f                              0x080026d5   Thumb Code     0  d2f.o(x$fpl$d2f)
    _d2f                                     0x080026d5   Thumb Code    98  d2f.o(x$fpl$d2f)
    __aeabi_dadd                             0x08002739   Thumb Code     0  daddsub_clz.o(x$fpl$dadd)
    _dadd                                    0x08002739   Thumb Code   332  daddsub_clz.o(x$fpl$dadd)
    __aeabi_ddiv                             0x08002889   Thumb Code     0  ddiv.o(x$fpl$ddiv)
    _ddiv                                    0x08002889   Thumb Code   552  ddiv.o(x$fpl$ddiv)
    __aeabi_dmul                             0x08002b39   Thumb Code     0  dmul.o(x$fpl$dmul)
    _dmul                                    0x08002b39   Thumb Code   332  dmul.o(x$fpl$dmul)
    __fpl_dnaninf                            0x08002c8d   Thumb Code   156  dnaninf.o(x$fpl$dnaninf)
    __fpl_dretinf                            0x08002d29   Thumb Code    12  dretinf.o(x$fpl$dretinf)
    __aeabi_dsub                             0x08002d35   Thumb Code     0  daddsub_clz.o(x$fpl$dsub)
    _dsub                                    0x08002d35   Thumb Code   464  daddsub_clz.o(x$fpl$dsub)
    __aeabi_f2d                              0x08002f09   Thumb Code     0  f2d.o(x$fpl$f2d)
    _f2d                                     0x08002f09   Thumb Code    86  f2d.o(x$fpl$f2d)
    __aeabi_fadd                             0x08002f61   Thumb Code     0  faddsub_clz.o(x$fpl$fadd)
    _fadd                                    0x08002f61   Thumb Code   196  faddsub_clz.o(x$fpl$fadd)
    __aeabi_fcmpeq                           0x08003025   Thumb Code     0  fcmp.o(x$fpl$fcmp)
    _feq                                     0x08003025   Thumb Code    14  fcmp.o(x$fpl$fcmp)
    _fneq                                    0x08003033   Thumb Code    14  fcmp.o(x$fpl$fcmp)
    __aeabi_fcmpgt                           0x08003041   Thumb Code     0  fcmp.o(x$fpl$fcmp)
    _fgr                                     0x08003041   Thumb Code    14  fcmp.o(x$fpl$fcmp)
    __aeabi_fcmpge                           0x0800304f   Thumb Code     0  fcmp.o(x$fpl$fcmp)
    _fgeq                                    0x0800304f   Thumb Code    14  fcmp.o(x$fpl$fcmp)
    __aeabi_fcmple                           0x0800305d   Thumb Code     0  fcmp.o(x$fpl$fcmp)
    _fleq                                    0x0800305d   Thumb Code    14  fcmp.o(x$fpl$fcmp)
    __aeabi_fcmplt                           0x0800306b   Thumb Code     0  fcmp.o(x$fpl$fcmp)
    _fls                                     0x0800306b   Thumb Code    14  fcmp.o(x$fpl$fcmp)
    __fpl_fcmp_Inf                           0x08003079   Thumb Code    24  fcmpi.o(x$fpl$fcmpinf)
    __aeabi_cfcmpeq                          0x08003091   Thumb Code     0  feqf.o(x$fpl$feqf)
    _fcmpeq                                  0x08003091   Thumb Code   104  feqf.o(x$fpl$feqf)
    __aeabi_f2iz                             0x080030f9   Thumb Code     0  ffix.o(x$fpl$ffix)
    _ffix                                    0x080030f9   Thumb Code    54  ffix.o(x$fpl$ffix)
    __aeabi_ui2f                             0x08003131   Thumb Code     0  fflt_clz.o(x$fpl$ffltu)
    _ffltu                                   0x08003131   Thumb Code    38  fflt_clz.o(x$fpl$ffltu)
    _fcmpge                                  0x08003159   Thumb Code   104  fgeqf.o(x$fpl$fgeqf)
    __aeabi_cfcmple                          0x080031c1   Thumb Code     0  fleqf.o(x$fpl$fleqf)
    _fcmple                                  0x080031c1   Thumb Code   104  fleqf.o(x$fpl$fleqf)
    __fpl_fcmple_InfNaN                      0x08003213   Thumb Code     0  fleqf.o(x$fpl$fleqf)
    __aeabi_fmul                             0x08003229   Thumb Code     0  fmul.o(x$fpl$fmul)
    _fmul                                    0x08003229   Thumb Code   258  fmul.o(x$fpl$fmul)
    __fpl_fnaninf                            0x0800332b   Thumb Code   140  fnaninf.o(x$fpl$fnaninf)
    __fpl_fretinf                            0x080033b7   Thumb Code    10  fretinf.o(x$fpl$fretinf)
    _frnd                                    0x080033c1   Thumb Code    96  frnd.o(x$fpl$frnd)
    __aeabi_fsub                             0x08003421   Thumb Code     0  faddsub_clz.o(x$fpl$fsub)
    _fsub                                    0x08003421   Thumb Code   234  faddsub_clz.o(x$fpl$fsub)
    __I$use$fp                               0x0800350a   Number         0  usenofp.o(x$fpl$usenofp)
    AHBPrescTable                            0x0800350e   Data          16  system_stm32f10x.o(.rodata.AHBPrescTable)
    Bar                                      0x08003c26   Data           3  solder_station_stm32.o(.rodata.Bar)
    Bracket_Left                             0x08003c29   Data          15  solder_station_stm32.o(.rodata.Bracket_Left)
    Bracket_Right                            0x08003c38   Data          15  solder_station_stm32.o(.rodata.Bracket_Right)
    FAN_is_Cooling                           0x08003c47   Data          18  solder_station_stm32.o(.rodata.FAN_is_Cooling)
    Region$$Table$$Base                      0x08004a80   Number         0  anon$$obj.o(Region$$Table)
    Region$$Table$$Limit                     0x08004aa0   Number         0  anon$$obj.o(Region$$Table)
    Bars_num                                 0x20000000   Data           1  solder_station_stm32.o(.data.Bars_num)
    FAN_Status_t                             0x20000001   Data           1  interrupts.o(.data.FAN_Status_t)
    SETed_FAN_Data                           0x20000004   Data           2  solder_station_stm32.o(.data.SETed_FAN_Data)
    SETed_Solder_Data                        0x20000006   Data           2  solder_station_stm32.o(.data.SETed_Solder_Data)
    Skip_Button_Status                       0x20000008   Data           1  solder_station_stm32.o(.data.Skip_Button_Status)
    StateMachine                             0x2000000c   Data          72  solder_station_stm32.o(.data.StateMachine)
    Status_Updates_From_Interrupt_t          0x20000054   Data           5  interrupts.o(.data.Status_Updates_From_Interrupt_t)
    SystemCoreClock                          0x2000005c   Data           4  system_stm32f10x.o(.data.SystemCoreClock)
    __libspace_start                         0x20000068   Data          96  libspace.o(.bss)
    Bit_Map_Size                             0x200000c8   Data           2  solder_station_stm32.o(.bss.Bit_Map_Size)
    __temporary_stack_top$libspace           0x200000c8   Data           0  libspace.o(.bss)
    Current_Temp_FAN                         0x200000cc   Data           4  solder_station_stm32.o(.bss.Current_Temp_FAN)
    Current_Temp_Solder                      0x200000d0   Data           4  solder_station_stm32.o(.bss.Current_Temp_Solder)
    PID                                      0x200004f8   Data          32  solder_station_stm32.o(.bss.PID)
    State                                    0x2000052d   Data           1  main_solder_station_stm32.o(.bss.State)
    position                                 0x20000534   Data           4  sdd1306.o(.bss.position)



==============================================================================

Memory Map of the image

  Image Entry point : 0x08000199

  Load Region LR_1 (Base: 0x08000000, Size: 0x00004b04, Max: 0xffffffff, ABSOLUTE)

    Execution Region ER_RO (Exec base: 0x08000000, Load base: 0x08000000, Size: 0x00004aa0, Max: 0xffffffff, ABSOLUTE)

    Exec Addr    Load Addr    Size         Type   Attr      Idx    E Section Name        Object

    0x08000000   0x08000000   0x000000ec   Data   RO          447    RESET               startup_stm32f10x_md.o
    0x080000ec   0x080000ec   0x00000008   Code   RO          511  * !!!main             c_w.l(__main.o)
    0x080000f4   0x080000f4   0x00000034   Code   RO          742    !!!scatter          c_w.l(__scatter.o)
    0x08000128   0x08000128   0x0000001a   Code   RO          744    !!handler_copy      c_w.l(__scatter_copy.o)
    0x08000142   0x08000142   0x00000002   PAD
    0x08000144   0x08000144   0x0000001c   Code   RO          746    !!handler_zi        c_w.l(__scatter_zi.o)
    0x08000160   0x08000160   0x00000000   Code   RO          504    .ARM.Collect$$_printf_percent$$00000000  c_w.l(_printf_percent.o)
    0x08000160   0x08000160   0x00000006   Code   RO          502    .ARM.Collect$$_printf_percent$$00000009  c_w.l(_printf_d.o)
    0x08000166   0x08000166   0x00000006   Code   RO          503    .ARM.Collect$$_printf_percent$$0000000A  c_w.l(_printf_u.o)
    0x0800016c   0x0800016c   0x00000004   Code   RO          558    .ARM.Collect$$_printf_percent$$00000017  c_w.l(_printf_percent_end.o)
    0x08000170   0x08000170   0x00000002   Code   RO          606    .ARM.Collect$$libinit$$00000000  c_w.l(libinit.o)
    0x08000172   0x08000172   0x00000000   Code   RO          613    .ARM.Collect$$libinit$$00000002  c_w.l(libinit2.o)
    0x08000172   0x08000172   0x00000000   Code   RO          615    .ARM.Collect$$libinit$$00000004  c_w.l(libinit2.o)
    0x08000172   0x08000172   0x00000000   Code   RO          618    .ARM.Collect$$libinit$$0000000A  c_w.l(libinit2.o)
    0x08000172   0x08000172   0x00000000   Code   RO          620    .ARM.Collect$$libinit$$0000000C  c_w.l(libinit2.o)
    0x08000172   0x08000172   0x00000000   Code   RO          622    .ARM.Collect$$libinit$$0000000E  c_w.l(libinit2.o)
    0x08000172   0x08000172   0x00000000   Code   RO          625    .ARM.Collect$$libinit$$00000011  c_w.l(libinit2.o)
    0x08000172   0x08000172   0x00000000   Code   RO          627    .ARM.Collect$$libinit$$00000013  c_w.l(libinit2.o)
    0x08000172   0x08000172   0x00000000   Code   RO          629    .ARM.Collect$$libinit$$00000015  c_w.l(libinit2.o)
    0x08000172   0x08000172   0x00000000   Code   RO          631    .ARM.Collect$$libinit$$00000017  c_w.l(libinit2.o)
    0x08000172   0x08000172   0x00000000   Code   RO          633    .ARM.Collect$$libinit$$00000019  c_w.l(libinit2.o)
    0x08000172   0x08000172   0x00000000   Code   RO          635    .ARM.Collect$$libinit$$0000001B  c_w.l(libinit2.o)
    0x08000172   0x08000172   0x00000000   Code   RO          637    .ARM.Collect$$libinit$$0000001D  c_w.l(libinit2.o)
    0x08000172   0x08000172   0x00000000   Code   RO          639    .ARM.Collect$$libinit$$0000001F  c_w.l(libinit2.o)
    0x08000172   0x08000172   0x00000000   Code   RO          641    .ARM.Collect$$libinit$$00000021  c_w.l(libinit2.o)
    0x08000172   0x08000172   0x00000000   Code   RO          643    .ARM.Collect$$libinit$$00000023  c_w.l(libinit2.o)
    0x08000172   0x08000172   0x00000000   Code   RO          645    .ARM.Collect$$libinit$$00000025  c_w.l(libinit2.o)
    0x08000172   0x08000172   0x00000000   Code   RO          649    .ARM.Collect$$libinit$$0000002C  c_w.l(libinit2.o)
    0x08000172   0x08000172   0x00000000   Code   RO          651    .ARM.Collect$$libinit$$0000002E  c_w.l(libinit2.o)
    0x08000172   0x08000172   0x00000000   Code   RO          653    .ARM.Collect$$libinit$$00000030  c_w.l(libinit2.o)
    0x08000172   0x08000172   0x00000000   Code   RO          655    .ARM.Collect$$libinit$$00000032  c_w.l(libinit2.o)
    0x08000172   0x08000172   0x00000002   Code   RO          656    .ARM.Collect$$libinit$$00000033  c_w.l(libinit2.o)
    0x08000174   0x08000174   0x00000002   Code   RO          678    .ARM.Collect$$libshutdown$$00000000  c_w.l(libshutdown.o)
    0x08000176   0x08000176   0x00000000   Code   RO          693    .ARM.Collect$$libshutdown$$00000002  c_w.l(libshutdown2.o)
    0x08000176   0x08000176   0x00000000   Code   RO          695    .ARM.Collect$$libshutdown$$00000004  c_w.l(libshutdown2.o)
    0x08000176   0x08000176   0x00000000   Code   RO          698    .ARM.Collect$$libshutdown$$00000007  c_w.l(libshutdown2.o)
    0x08000176   0x08000176   0x00000000   Code   RO          701    .ARM.Collect$$libshutdown$$0000000A  c_w.l(libshutdown2.o)
    0x08000176   0x08000176   0x00000000   Code   RO          703    .ARM.Collect$$libshutdown$$0000000C  c_w.l(libshutdown2.o)
    0x08000176   0x08000176   0x00000000   Code   RO          706    .ARM.Collect$$libshutdown$$0000000F  c_w.l(libshutdown2.o)
    0x08000176   0x08000176   0x00000002   Code   RO          707    .ARM.Collect$$libshutdown$$00000010  c_w.l(libshutdown2.o)
    0x08000178   0x08000178   0x00000000   Code   RO          551    .ARM.Collect$$rtentry$$00000000  c_w.l(__rtentry.o)
    0x08000178   0x08000178   0x00000000   Code   RO          579    .ARM.Collect$$rtentry$$00000002  c_w.l(__rtentry2.o)
    0x08000178   0x08000178   0x00000006   Code   RO          591    .ARM.Collect$$rtentry$$00000004  c_w.l(__rtentry4.o)
    0x0800017e   0x0800017e   0x00000000   Code   RO          581    .ARM.Collect$$rtentry$$00000009  c_w.l(__rtentry2.o)
    0x0800017e   0x0800017e   0x00000004   Code   RO          582    .ARM.Collect$$rtentry$$0000000A  c_w.l(__rtentry2.o)
    0x08000182   0x08000182   0x00000000   Code   RO          584    .ARM.Collect$$rtentry$$0000000C  c_w.l(__rtentry2.o)
    0x08000182   0x08000182   0x00000008   Code   RO          585    .ARM.Collect$$rtentry$$0000000D  c_w.l(__rtentry2.o)
    0x0800018a   0x0800018a   0x00000002   Code   RO          610    .ARM.Collect$$rtexit$$00000000  c_w.l(rtexit.o)
    0x0800018c   0x0800018c   0x00000000   Code   RO          658    .ARM.Collect$$rtexit$$00000002  c_w.l(rtexit2.o)
    0x0800018c   0x0800018c   0x00000004   Code   RO          659    .ARM.Collect$$rtexit$$00000003  c_w.l(rtexit2.o)
    0x08000190   0x08000190   0x00000006   Code   RO          660    .ARM.Collect$$rtexit$$00000004  c_w.l(rtexit2.o)
    0x08000196   0x08000196   0x00000002   PAD
    0x08000198   0x08000198   0x00000040   Code   RO          448  * .text               startup_stm32f10x_md.o
    0x080001d8   0x080001d8   0x00000028   Code   RO          476    .text               c_w.l(noretval__2sprintf.o)
    0x08000200   0x08000200   0x00000068   Code   RO          478    .text               c_w.l(__printf.o)
    0x08000268   0x08000268   0x00000078   Code   RO          480    .text               c_w.l(_printf_dec.o)
    0x080002e0   0x080002e0   0x00000044   Code   RO          507    .text               c_w.l(rt_memclr.o)
    0x08000324   0x08000324   0x00000006   Code   RO          509    .text               c_w.l(heapauxi.o)
    0x0800032a   0x0800032a   0x000000b2   Code   RO          552    .text               c_w.l(_printf_intcommon.o)
    0x080003dc   0x080003dc   0x00000030   Code   RO          554    .text               c_w.l(_printf_char_common.o)
    0x0800040c   0x0800040c   0x0000000a   Code   RO          556    .text               c_w.l(_sputc.o)
    0x08000416   0x08000416   0x0000004e   Code   RO          559    .text               c_w.l(rt_memclr_w.o)
    0x08000464   0x08000464   0x0000004a   Code   RO          597    .text               c_w.l(sys_stackheap_outer.o)
    0x080004ae   0x080004ae   0x00000012   Code   RO          599    .text               c_w.l(exit.o)
    0x080004c0   0x080004c0   0x00000008   Code   RO          607    .text               c_w.l(libspace.o)
    0x080004c8   0x080004c8   0x0000000c   Code   RO          668    .text               c_w.l(sys_exit.o)
    0x080004d4   0x080004d4   0x00000002   Code   RO          683    .text               c_w.l(use_no_semi.o)
    0x080004d6   0x080004d6   0x00000000   Code   RO          685    .text               c_w.l(indicate_semi.o)
    0x080004d6   0x080004d6   0x00000002   PAD
    0x080004d8   0x080004d8   0x0000005c   Code   RO          258    .text.Adafruit_GFX_drawBitmap  sdd1306.o
    0x08000534   0x08000534   0x000000ca   Code   RO          270    .text.Adafruit_GFX_drawChar  sdd1306.o
    0x080005fe   0x080005fe   0x00000002   PAD
    0x08000600   0x08000600   0x00000176   Code   RO          274    .text.Adafruit_GFX_drawCircle  sdd1306.o
    0x08000776   0x08000776   0x00000002   PAD
    0x08000778   0x08000778   0x0000000c   Code   RO          272    .text.Adafruit_GFX_setFont  sdd1306.o
    0x08000784   0x08000784   0x00000090   Code   RO          154    .text.DLY4_Delay_ms_INTERRUPT  solder_station_stm32.o
    0x08000814   0x08000814   0x000000ec   Code   RO          138    .text.Data_Averager_For_Solder  solder_station_stm32.o
    0x08000900   0x08000900   0x000000d4   Code   RO          140    .text.Data_Averager_From_FAN  solder_station_stm32.o
    0x080009d4   0x080009d4   0x00000048   Code   RO          176    .text.Debug_UART_init  solder_station_stm32.o
    0x08000a1c   0x08000a1c   0x0000000a   Code   RO          246    .text.Display_Buffer  sdd1306.o
    0x08000a26   0x08000a26   0x00000002   PAD
    0x08000a28   0x08000a28   0x00000054   Code   RO          248    .text.DrawPixel     sdd1306.o
    0x08000a7c   0x08000a7c   0x00000028   Code   RO          122    .text.Draw_Bars     solder_station_stm32.o
    0x08000aa4   0x08000aa4   0x00000034   Code   RO          124    .text.Draw_FAN_Motor_Status_Bars  solder_station_stm32.o
    0x08000ad8   0x08000ad8   0x0000005c   Code   RO           96    .text.Draw_FAN_Speed_Symbol  solder_station_stm32.o
    0x08000b34   0x08000b34   0x00000068   Code   RO           94    .text.Draw_FAN_Symbol  solder_station_stm32.o
    0x08000b9c   0x08000b9c   0x00000016   Code   RO           82    .text.Draw_FAN_is_Cooling_map  solder_station_stm32.o
    0x08000bb2   0x08000bb2   0x00000002   PAD
    0x08000bb4   0x08000bb4   0x00000022   Code   RO           80    .text.Draw_Fan_is_Cooling  solder_station_stm32.o
    0x08000bd6   0x08000bd6   0x00000002   PAD
    0x08000bd8   0x08000bd8   0x0000004c   Code   RO           90    .text.Draw_NO_Solder_detected  solder_station_stm32.o
    0x08000c24   0x08000c24   0x00000060   Code   RO           88    .text.Draw_SOLDER_Symbol  solder_station_stm32.o
    0x08000c84   0x08000c84   0x000000a0   Code   RO           86    .text.Draw_STBY_Symbol  solder_station_stm32.o
    0x08000d24   0x08000d24   0x0000001c   Code   RO          148    .text.ENCODER_init  solder_station_stm32.o
    0x08000d40   0x08000d40   0x00000052   Code   RO          232    .text.EXTI9_5_IRQHandler  interrupts.o
    0x08000d92   0x08000d92   0x00000002   PAD
    0x08000d94   0x08000d94   0x0000005a   Code   RO          146    .text.Ext_interrupt_to_PINB6_PINB7_init  solder_station_stm32.o
    0x08000dee   0x08000dee   0x00000002   PAD
    0x08000df0   0x08000df0   0x0000002a   Code   RO          170    .text.FAN_FSM       solder_station_stm32.o
    0x08000e1a   0x08000e1a   0x00000002   PAD
    0x08000e1c   0x08000e1c   0x00000032   Code   RO          172    .text.FAN_Speed_FSM  solder_station_stm32.o
    0x08000e4e   0x08000e4e   0x00000002   PAD
    0x08000e50   0x08000e50   0x00000024   Code   RO          180    .text.FSM           solder_station_stm32.o
    0x08000e74   0x08000e74   0x00000390   Code   RO           21    .text.GPIO_EN       stm32_gpio_lib.o
    0x08001204   0x08001204   0x0000003c   Code   RO           78    .text.Make_Click    solder_station_stm32.o
    0x08001240   0x08001240   0x00000030   Code   RO           76    .text.Make_Click_init  solder_station_stm32.o
    0x08001270   0x08001270   0x00000060   Code   RO          152    .text.Monitor_Skip_Button  solder_station_stm32.o
    0x080012d0   0x080012d0   0x00000002   Code   RO          162    .text.NO_FAN_detected_FSM  solder_station_stm32.o
    0x080012d2   0x080012d2   0x00000002   PAD
    0x080012d4   0x080012d4   0x0000000c   Code   RO          160    .text.NO_Solder_detected_FSM  solder_station_stm32.o
    0x080012e0   0x080012e0   0x0000004e   Code   RO            6    .text.PB0_LED_main_STATUS  main_solder_station_stm32.o
    0x0800132e   0x0800132e   0x00000002   PAD
    0x08001330   0x08001330   0x000000fc   Code   RO          120    .text.PID_FAN       solder_station_stm32.o
    0x0800142c   0x0800142c   0x000000fc   Code   RO          118    .text.PID_Solder    solder_station_stm32.o
    0x08001528   0x08001528   0x00000012   Code   RO          112    .text.PWM_Disable_FAN_HEATER  solder_station_stm32.o
    0x0800153a   0x0800153a   0x00000002   PAD
    0x0800153c   0x0800153c   0x0000001e   Code   RO          104    .text.PWM_Disable_SOLDER  solder_station_stm32.o
    0x0800155a   0x0800155a   0x00000002   PAD
    0x0800155c   0x0800155c   0x0000001a   Code   RO          110    .text.PWM_EN_FAN_HEATER  solder_station_stm32.o
    0x08001576   0x08001576   0x00000002   PAD
    0x08001578   0x08001578   0x0000004a   Code   RO          114    .text.PWM_EN_OFF_Motor_FAN  solder_station_stm32.o
    0x080015c2   0x080015c2   0x00000002   PAD
    0x080015c4   0x080015c4   0x00000024   Code   RO          100    .text.PWM_EN_SOLDER  solder_station_stm32.o
    0x080015e8   0x080015e8   0x00000018   Code   RO          352    .text.RCC_APB1PeriphClockCmd  stm32f10x_rcc.o
    0x08001600   0x08001600   0x000000a0   Code   RO          346    .text.RCC_GetClocksFreq  stm32f10x_rcc.o
    0x080016a0   0x080016a0   0x00000008   Code   RO          174    .text.SETTING_BARS_FAN_FSM  solder_station_stm32.o
    0x080016a8   0x080016a8   0x00000010   Code   RO          166    .text.SETTING_TEMPERATURE_FAN_FSM  solder_station_stm32.o
    0x080016b8   0x080016b8   0x00000010   Code   RO          164    .text.SETTING_TEMPERATURE_SOLDER_FSM  solder_station_stm32.o
    0x080016c8   0x080016c8   0x00000092   Code   RO          128    .text.SET_FAN_Data  solder_station_stm32.o
    0x0800175a   0x0800175a   0x00000002   PAD
    0x0800175c   0x0800175c   0x000000b0   Code   RO          130    .text.SET_FAN_Motor_PWM_DutyCycle_and_BARs  solder_station_stm32.o
    0x0800180c   0x0800180c   0x00000090   Code   RO          126    .text.SET_Solder_Data  solder_station_stm32.o
    0x0800189c   0x0800189c   0x0000007c   Code   RO          116    .text.SKIP_Button_Timer  solder_station_stm32.o
    0x08001918   0x08001918   0x00000016   Code   RO          168    .text.SOLDER_FSM    solder_station_stm32.o
    0x0800192e   0x0800192e   0x00000002   PAD
    0x08001930   0x08001930   0x00000138   Code   RO           65    .text.SPI1_Receive_Temperature  spi_transmitt.o
    0x08001a68   0x08001a68   0x00000040   Code   RO           63    .text.SPI2_SEND_Command  spi_transmitt.o
    0x08001aa8   0x08001aa8   0x000000e0   Code   RO           61    .text.SPI2_init     spi_transmitt.o
    0x08001b88   0x08001b88   0x0000003c   Code   RO          252    .text.SSD1306_Clear_Display  sdd1306.o
    0x08001bc4   0x08001bc4   0x0000005a   Code   RO          250    .text.SSD1306_Draw_Display  sdd1306.o
    0x08001c1e   0x08001c1e   0x00000002   PAD
    0x08001c20   0x08001c20   0x000000d6   Code   RO          260    .text.SSD1306_Init  sdd1306.o
    0x08001cf6   0x08001cf6   0x00000002   PAD
    0x08001cf8   0x08001cf8   0x00000036   Code   RO          158    .text.STBY_Mode_FSM  solder_station_stm32.o
    0x08001d2e   0x08001d2e   0x00000002   PAD
    0x08001d30   0x08001d30   0x00000008   Code   RO          457    .text.SetSysClock   system_stm32f10x.o
    0x08001d38   0x08001d38   0x000000be   Code   RO          461    .text.SetSysClockTo72  system_stm32f10x.o
    0x08001df6   0x08001df6   0x00000002   PAD
    0x08001df8   0x08001df8   0x0000000e   Code   RO          254    .text.Set_Cursor    sdd1306.o
    0x08001e06   0x08001e06   0x00000002   PAD
    0x08001e08   0x08001e08   0x00000096   Code   RO           38    .text.Short_Delays_Systik_us_ms  short_delays_us_ms.o
    0x08001e9e   0x08001e9e   0x00000002   PAD
    0x08001ea0   0x08001ea0   0x00000038   Code   RO           84    .text.ShowFanisCooling  solder_station_stm32.o
    0x08001ed8   0x08001ed8   0x00000032   Code   RO          132    .text.Show_SET_FAN_Bars_Data_to_Display  solder_station_stm32.o
    0x08001f0a   0x08001f0a   0x00000002   PAD
    0x08001f0c   0x08001f0c   0x00000080   Code   RO          136    .text.Show_SET_FAN_Data_to_Display  solder_station_stm32.o
    0x08001f8c   0x08001f8c   0x00000080   Code   RO          134    .text.Show_SET_Solder_Data_to_Display  solder_station_stm32.o
    0x0800200c   0x0800200c   0x0000000e   Code   RO          150    .text.Skip_Button_init  solder_station_stm32.o
    0x0800201a   0x0800201a   0x00000002   PAD
    0x0800201c   0x0800201c   0x0000000e   Code   RO            4    .text.Status_LED_init  main_solder_station_stm32.o
    0x0800202a   0x0800202a   0x00000002   PAD
    0x0800202c   0x0800202c   0x00000024   Code   RO           40    .text.SysTick_Config  short_delays_us_ms.o
    0x08002050   0x08002050   0x0000002a   Code   RO           36    .text.SysTick_Handler  short_delays_us_ms.o
    0x0800207a   0x0800207a   0x00000002   PAD
    0x0800207c   0x0800207c   0x0000006e   Code   RO          459    .text.SystemCoreClockUpdate  system_stm32f10x.o
    0x080020ea   0x080020ea   0x00000002   PAD
    0x080020ec   0x080020ec   0x00000056   Code   RO          455    .text.SystemInit    system_stm32f10x.o
    0x08002142   0x08002142   0x00000002   PAD
    0x08002144   0x08002144   0x0000002c   Code   RO          230    .text.TIM1_CC_IRQHandler  interrupts.o
    0x08002170   0x08002170   0x0000007a   Code   RO          108    .text.TIM1_init_Capture_Compare  solder_station_stm32.o
    0x080021ea   0x080021ea   0x00000002   PAD
    0x080021ec   0x080021ec   0x00000042   Code   RO          228    .text.TIM2_IRQHandler  interrupts.o
    0x0800222e   0x0800222e   0x00000002   PAD
    0x08002230   0x08002230   0x0000004a   Code   RO           98    .text.TIM2_init_Capture_Compare  solder_station_stm32.o
    0x0800227a   0x0800227a   0x00000002   PAD
    0x0800227c   0x0800227c   0x000000b2   Code   RO          226    .text.TIM3_IRQHandler  interrupts.o
    0x0800232e   0x0800232e   0x00000002   PAD
    0x08002330   0x08002330   0x00000042   Code   RO          234    .text.TIM4_IRQHandler  interrupts.o
    0x08002372   0x08002372   0x00000002   PAD
    0x08002374   0x08002374   0x00000048   Code   RO          156    .text.Turn_OFF_FAN  solder_station_stm32.o
    0x080023bc   0x080023bc   0x00000012   Code   RO          390    .text.USART_Cmd     stm32f10x_usart.o
    0x080023ce   0x080023ce   0x00000002   PAD
    0x080023d0   0x080023d0   0x000000b2   Code   RO          382    .text.USART_Init    stm32f10x_usart.o
    0x08002482   0x08002482   0x00000002   PAD
    0x08002484   0x08002484   0x0000001a   Code   RO          144    .text.Update_PID_FAN  solder_station_stm32.o
    0x0800249e   0x0800249e   0x00000002   PAD
    0x080024a0   0x080024a0   0x00000018   Code   RO          142    .text.Update_PID_Solder  solder_station_stm32.o
    0x080024b8   0x080024b8   0x00000018   Code   RO          106    .text.__NVIC_DisableIRQ  solder_station_stm32.o
    0x080024d0   0x080024d0   0x00000020   Code   RO          102    .text.__NVIC_EnableIRQ  solder_station_stm32.o
    0x080024f0   0x080024f0   0x0000000e   Code   RO           44    .text.__NVIC_SetPriority  short_delays_us_ms.o
    0x080024fe   0x080024fe   0x00000002   PAD
    0x08002500   0x08002500   0x00000102   Code   RO            2    .text.main          main_solder_station_stm32.o
    0x08002602   0x08002602   0x00000002   PAD
    0x08002604   0x08002604   0x00000004   Code   RO          266    .text.pgm_read_bitmap_ptr  sdd1306.o
    0x08002608   0x08002608   0x00000008   Code   RO          264    .text.pgm_read_glyph_ptr  sdd1306.o
    0x08002610   0x08002610   0x00000034   Code   RO          256    .text.ssd1306_RESET  sdd1306.o
    0x08002644   0x08002644   0x0000001c   Code   RO          268    .text.ssd1306_WriteString  sdd1306.o
    0x08002660   0x08002660   0x00000072   Code   RO          549    i.roundf            m_ws.l(roundf.o)
    0x080026d2   0x080026d2   0x00000002   PAD
    0x080026d4   0x080026d4   0x00000062   Code   RO          513    x$fpl$d2f           fz_ws.l(d2f.o)
    0x08002736   0x08002736   0x00000002   PAD
    0x08002738   0x08002738   0x00000150   Code   RO          515    x$fpl$dadd          fz_ws.l(daddsub_clz.o)
    0x08002888   0x08002888   0x000002b0   Code   RO          522    x$fpl$ddiv          fz_ws.l(ddiv.o)
    0x08002b38   0x08002b38   0x00000154   Code   RO          525    x$fpl$dmul          fz_ws.l(dmul.o)
    0x08002c8c   0x08002c8c   0x0000009c   Code   RO          561    x$fpl$dnaninf       fz_ws.l(dnaninf.o)
    0x08002d28   0x08002d28   0x0000000c   Code   RO          563    x$fpl$dretinf       fz_ws.l(dretinf.o)
    0x08002d34   0x08002d34   0x000001d4   Code   RO          517    x$fpl$dsub          fz_ws.l(daddsub_clz.o)
    0x08002f08   0x08002f08   0x00000056   Code   RO          527    x$fpl$f2d           fz_ws.l(f2d.o)
    0x08002f5e   0x08002f5e   0x00000002   PAD
    0x08002f60   0x08002f60   0x000000c4   Code   RO          529    x$fpl$fadd          fz_ws.l(faddsub_clz.o)
    0x08003024   0x08003024   0x00000054   Code   RO          535    x$fpl$fcmp          fz_ws.l(fcmp.o)
    0x08003078   0x08003078   0x00000018   Code   RO          595    x$fpl$fcmpinf       fz_ws.l(fcmpi.o)
    0x08003090   0x08003090   0x00000068   Code   RO          565    x$fpl$feqf          fz_ws.l(feqf.o)
    0x080030f8   0x080030f8   0x00000036   Code   RO          537    x$fpl$ffix          fz_ws.l(ffix.o)
    0x0800312e   0x0800312e   0x00000002   PAD
    0x08003130   0x08003130   0x00000026   Code   RO          541    x$fpl$ffltu         fz_ws.l(fflt_clz.o)
    0x08003156   0x08003156   0x00000002   PAD
    0x08003158   0x08003158   0x00000068   Code   RO          567    x$fpl$fgeqf         fz_ws.l(fgeqf.o)
    0x080031c0   0x080031c0   0x00000068   Code   RO          569    x$fpl$fleqf         fz_ws.l(fleqf.o)
    0x08003228   0x08003228   0x00000102   Code   RO          547    x$fpl$fmul          fz_ws.l(fmul.o)
    0x0800332a   0x0800332a   0x0000008c   Code   RO          571    x$fpl$fnaninf       fz_ws.l(fnaninf.o)
    0x080033b6   0x080033b6   0x0000000a   Code   RO          573    x$fpl$fretinf       fz_ws.l(fretinf.o)
    0x080033c0   0x080033c0   0x00000060   Code   RO          575    x$fpl$frnd          fz_ws.l(frnd.o)
    0x08003420   0x08003420   0x000000ea   Code   RO          531    x$fpl$fsub          fz_ws.l(faddsub_clz.o)
    0x0800350a   0x0800350a   0x00000000   Code   RO          577    x$fpl$usenofp       fz_ws.l(usenofp.o)
    0x0800350a   0x0800350a   0x00000004   Data   RO          371    .rodata.ADCPrescTable  stm32f10x_rcc.o
    0x0800350e   0x0800350e   0x00000010   Data   RO          464    .rodata.AHBPrescTable  system_stm32f10x.o
    0x0800351e   0x0800351e   0x00000010   Data   RO          370    .rodata.APBAHBPrescTable  stm32f10x_rcc.o
    0x0800352e   0x0800352e   0x00000002   PAD
    0x08003530   0x08003530   0x00000010   Data   RO          197    .rodata.Alison_finch10pt7b  solder_station_stm32.o
    0x08003540   0x08003540   0x000003ed   Data   RO          214    .rodata.Alison_finch10pt7bBitmaps  solder_station_stm32.o
    0x0800392d   0x0800392d   0x00000001   PAD
    0x0800392e   0x0800392e   0x000002f8   Data   RO          215    .rodata.Alison_finch10pt7bGlyphs  solder_station_stm32.o
    0x08003c26   0x08003c26   0x00000003   Data   RO          193    .rodata.Bar         solder_station_stm32.o
    0x08003c29   0x08003c29   0x0000000f   Data   RO          192    .rodata.Bracket_Left  solder_station_stm32.o
    0x08003c38   0x08003c38   0x0000000f   Data   RO          191    .rodata.Bracket_Right  solder_station_stm32.o
    0x08003c47   0x08003c47   0x00000012   Data   RO          194    .rodata.FAN_is_Cooling  solder_station_stm32.o
    0x08003c59   0x08003c59   0x00000003   PAD
    0x08003c5c   0x08003c5c   0x00000010   Data   RO          198    .rodata.imelda16pt7b  solder_station_stm32.o
    0x08003c6c   0x08003c6c   0x00000b17   Data   RO          216    .rodata.imelda16pt7bBitmaps  solder_station_stm32.o
    0x08004783   0x08004783   0x00000001   PAD
    0x08004784   0x08004784   0x000002f8   Data   RO          217    .rodata.imelda16pt7bGlyphs  solder_station_stm32.o
    0x08004a7c   0x08004a7c   0x00000003   Data   RO          204    .rodata.str1.1      solder_station_stm32.o
    0x08004a7f   0x08004a7f   0x00000001   PAD
    0x08004a80   0x08004a80   0x00000020   Data   RO          741    Region$$Table       anon$$obj.o


    Execution Region ER_RW (Exec base: 0x20000000, Load base: 0x08004aa0, Size: 0x00000064, Max: 0xffffffff, ABSOLUTE)

    Exec Addr    Load Addr    Size         Type   Attr      Idx    E Section Name        Object

    0x20000000   0x08004aa0   0x00000001   Data   RW          187    .data.Bars_num      solder_station_stm32.o
    0x20000001   0x08004aa1   0x00000001   Data   RW          237    .data.FAN_Status_t  interrupts.o
    0x20000002   0x08004aa2   0x00000002   Data   RW          203    .data.SET_FAN_Motor_PWM_DutyCycle_and_BARs.FAN_PWM_Data  solder_station_stm32.o
    0x20000004   0x08004aa4   0x00000002   Data   RW          183    .data.SETed_FAN_Data  solder_station_stm32.o
    0x20000006   0x08004aa6   0x00000002   Data   RW          182    .data.SETed_Solder_Data  solder_station_stm32.o
    0x20000008   0x08004aa8   0x00000001   Data   RW          188    .data.Skip_Button_Status  solder_station_stm32.o
    0x20000009   0x08004aa9   0x00000003   PAD
    0x2000000c   0x08004aac   0x00000048   Data   RW          213    .data.StateMachine  solder_station_stm32.o
    0x20000054   0x08004af4   0x00000005   Data   RW          236    .data.Status_Updates_From_Interrupt_t  interrupts.o
    0x20000059   0x08004af9   0x00000003   PAD
    0x2000005c   0x08004afc   0x00000004   Data   RW          463    .data.SystemCoreClock  system_stm32f10x.o
    0x20000060   0x08004b00   0x00000001   Data   RW          212    .data.Turn_OFF_FAN.CNT  solder_station_stm32.o


    Execution Region ER_ZI (Exec base: 0x20000068, Load base: 0x08004b04, Size: 0x00000ad8, Max: 0xffffffff, ABSOLUTE)

    Exec Addr    Load Addr    Size         Type   Attr      Idx    E Section Name        Object

    0x20000068        -       0x00000060   Zero   RW          608    .bss                c_w.l(libspace.o)
    0x200000c8        -       0x00000002   Zero   RW          186    .bss.Bit_Map_Size   solder_station_stm32.o
    0x200000ca   0x08004b04   0x00000002   PAD
    0x200000cc        -       0x00000004   Zero   RW          185    .bss.Current_Temp_FAN  solder_station_stm32.o
    0x200000d0        -       0x00000004   Zero   RW          184    .bss.Current_Temp_Solder  solder_station_stm32.o
    0x200000d4        -       0x00000001   Zero   RW          211    .bss.DLY4_Delay_ms_INTERRUPT.DLY4_init  solder_station_stm32.o
    0x200000d5   0x08004b04   0x00000003   PAD
    0x200000d8        -       0x00000008   Zero   RW          206    .bss.Data_Averager_For_Solder.Collect_Samples  solder_station_stm32.o
    0x200000e0        -       0x00000001   Zero   RW          205    .bss.Data_Averager_For_Solder.i  solder_station_stm32.o
    0x200000e1   0x08004b04   0x00000007   PAD
    0x200000e8        -       0x00000008   Zero   RW          208    .bss.Data_Averager_From_FAN.Collect_Samples  solder_station_stm32.o
    0x200000f0        -       0x00000001   Zero   RW          207    .bss.Data_Averager_From_FAN.i  solder_station_stm32.o
    0x200000f1        -       0x00000400   Zero   RW          276    .bss.Display_Buffer.buffer  sdd1306.o
    0x200004f1        -       0x00000001   Zero   RW          277    .bss.DrawPixel.Display_Cleared  sdd1306.o
    0x200004f2        -       0x00000001   Zero   RW          195    .bss.Make_Click.flip  solder_station_stm32.o
    0x200004f3        -       0x00000001   Zero   RW          210    .bss.Monitor_Skip_Button.Skip_Button_CNT  solder_station_stm32.o
    0x200004f4        -       0x00000004   Zero   RW           12    .bss.PB0_LED_main_STATUS.Count  main_solder_station_stm32.o
    0x200004f8        -       0x00000020   Zero   RW          209    .bss.PID            solder_station_stm32.o
    0x20000518        -       0x00000008   Zero   RW          202    .bss.PID_FAN.integral  solder_station_stm32.o
    0x20000520        -       0x00000008   Zero   RW          201    .bss.PID_Solder.integral  solder_station_stm32.o
    0x20000528        -       0x00000001   Zero   RW          200    .bss.SKIP_Button_Timer.TIMER3_SKIP_Button_init  solder_station_stm32.o
    0x20000529        -       0x00000001   Zero   RW           67    .bss.SPI1_Receive_Temperature.SPI1_init  spi_transmitt.o
    0x2000052a        -       0x00000001   Zero   RW           49    .bss.Short_Delays_Systik_us_ms.ms_already_init  short_delays_us_ms.o
    0x2000052b        -       0x00000001   Zero   RW           48    .bss.Short_Delays_Systik_us_ms.us_already_init  short_delays_us_ms.o
    0x2000052c        -       0x00000001   Zero   RW          196    .bss.ShowFanisCooling.visiblecount  solder_station_stm32.o
    0x2000052d        -       0x00000001   Zero   RW           11    .bss.State          main_solder_station_stm32.o
    0x2000052e        -       0x00000001   Zero   RW          199    .bss.TIM1_init_Capture_Compare.TIM1enabled  solder_station_stm32.o
    0x2000052f        -       0x00000001   Zero   RW          238    .bss.TIM2_IRQHandler.CNT  interrupts.o
    0x20000530        -       0x00000004   Zero   RW          279    .bss.gfxFont        sdd1306.o
    0x20000534        -       0x00000004   Zero   RW          278    .bss.position       sdd1306.o
    0x20000538        -       0x00000004   Zero   RW           46    .bss.usTicks_0      short_delays_us_ms.o
    0x2000053c        -       0x00000004   Zero   RW           47    .bss.usTicks_1      short_delays_us_ms.o
    0x20000540        -       0x00000200   Zero   RW          446    HEAP                startup_stm32f10x_md.o
    0x20000740        -       0x00000400   Zero   RW          445    STACK               startup_stm32f10x_md.o


==============================================================================

Image component sizes


      Code (inc. data)   RO Data    RW Data    ZI Data      Debug   Object Name

       436          0          0          6          1       3197   interrupts.o
       350          0          0          0          5       4316   main_solder_station_stm32.o
      1244          0          0          0       1033       7628   sdd1306.o
       242          0          0          0         10       4569   short_delays_us_ms.o
      3948         68       5450         81         82      17288   solder_station_stm32.o
       600          0          0          0          1       3760   spi_transmitt.o
        64         26        236          0       1536        848   startup_stm32f10x_md.o
       912          6          0          0          0       4252   stm32_gpio_lib.o
       184          0         20          0          0       7784   stm32f10x_rcc.o
       196          0          0          0          0       8052   stm32f10x_usart.o
       394          0         16          4          0       2892   system_stm32f10x.o

    ----------------------------------------------------------------------
      8648        100       5762        100       2680      64586   Object Totals
         0          0         32          0          0          0   (incl. Generated)
        78          0          8          9         12          0   (incl. Padding)

    ----------------------------------------------------------------------

      Code (inc. data)   RO Data    RW Data    ZI Data      Debug   Library Member Name

         8          0          0          0          0         68   __main.o
       104          0          0          0          0         84   __printf.o
         0          0          0          0          0          0   __rtentry.o
        12          0          0          0          0          0   __rtentry2.o
         6          0          0          0          0          0   __rtentry4.o
        52          8          0          0          0          0   __scatter.o
        26          0          0          0          0          0   __scatter_copy.o
        28          0          0          0          0          0   __scatter_zi.o
        48          6          0          0          0         96   _printf_char_common.o
         6          0          0          0          0          0   _printf_d.o
       120         16          0          0          0         92   _printf_dec.o
       178          0          0          0          0         88   _printf_intcommon.o
         0          0          0          0          0          0   _printf_percent.o
         4          0          0          0          0          0   _printf_percent_end.o
         6          0          0          0          0          0   _printf_u.o
        10          0          0          0          0         68   _sputc.o
        18          0          0          0          0         80   exit.o
         6          0          0          0          0        152   heapauxi.o
         0          0          0          0          0          0   indicate_semi.o
         2          0          0          0          0          0   libinit.o
         2          0          0          0          0          0   libinit2.o
         2          0          0          0          0          0   libshutdown.o
         2          0          0          0          0          0   libshutdown2.o
         8          4          0          0         96         68   libspace.o
        40          6          0          0          0         84   noretval__2sprintf.o
        68          0          0          0          0         68   rt_memclr.o
        78          0          0          0          0         80   rt_memclr_w.o
         2          0          0          0          0          0   rtexit.o
        10          0          0          0          0          0   rtexit2.o
        12          4          0          0          0         68   sys_exit.o
        74          0          0          0          0         80   sys_stackheap_outer.o
         2          0          0          0          0         68   use_no_semi.o
        98          4          0          0          0         92   d2f.o
       804         16          0          0          0        280   daddsub_clz.o
       688        140          0          0          0        216   ddiv.o
       340         12          0          0          0        104   dmul.o
       156          4          0          0          0         92   dnaninf.o
        12          0          0          0          0         68   dretinf.o
        86          4          0          0          0         84   f2d.o
       430          8          0          0          0        168   faddsub_clz.o
        84          0          0          0          0        196   fcmp.o
        24          0          0          0          0         68   fcmpi.o
       104          4          0          0          0         84   feqf.o
        54          4          0          0          0         84   ffix.o
        38          0          0          0          0         68   fflt_clz.o
       104          4          0          0          0         84   fgeqf.o
       104          4          0          0          0         84   fleqf.o
       258          4          0          0          0         84   fmul.o
       140          4          0          0          0         84   fnaninf.o
        10          0          0          0          0         68   fretinf.o
        96          4          0          0          0         76   frnd.o
         0          0          0          0          0          0   usenofp.o
       114          0          0          0          0         80   roundf.o

    ----------------------------------------------------------------------
      4694        260          0          0         96       3408   Library Totals
        16          0          0          0          0          0   (incl. Padding)

    ----------------------------------------------------------------------

      Code (inc. data)   RO Data    RW Data    ZI Data      Debug   Library Name

       934         44          0          0         96       1244   c_w.l
      3630        216          0          0          0       2084   fz_ws.l
       114          0          0          0          0         80   m_ws.l

    ----------------------------------------------------------------------
      4694        260          0          0         96       3408   Library Totals

    ----------------------------------------------------------------------

==============================================================================


      Code (inc. data)   RO Data    RW Data    ZI Data      Debug   

     13342        360       5762        100       2776      66182   Grand Totals
     13342        360       5762        100       2776      66182   ELF Image Totals
     13342        360       5762        100          0          0   ROM Totals

==============================================================================

    Total RO  Size (Code + RO Data)                19104 (  18.66kB)
    Total RW  Size (RW Data + ZI Data)              2876 (   2.81kB)
    Total ROM Size (Code + RO Data + RW Data)      19204 (  18.75kB)

==============================================================================

